Archive member included to satisfy reference by file (symbol)

c:/st/stm32cubeide_1.3.0/stm32cubeide/plugins/com.st.stm32cube.ide.mcu.externaltools.gnu-tools-for-stm32.7-2018-q2-update.win32_1.0.0.201904181610/tools/bin/../lib/gcc/arm-none-eabi/7.3.1/../../../../arm-none-eabi/lib/thumb/v7e-m/fpv4-sp/hard\libc_nano.a(lib_a-errno.o)
                              Core/Src/syscalls.o (__errno)
c:/st/stm32cubeide_1.3.0/stm32cubeide/plugins/com.st.stm32cube.ide.mcu.externaltools.gnu-tools-for-stm32.7-2018-q2-update.win32_1.0.0.201904181610/tools/bin/../lib/gcc/arm-none-eabi/7.3.1/../../../../arm-none-eabi/lib/thumb/v7e-m/fpv4-sp/hard\libc_nano.a(lib_a-exit.o)
                              c:/st/stm32cubeide_1.3.0/stm32cubeide/plugins/com.st.stm32cube.ide.mcu.externaltools.gnu-tools-for-stm32.7-2018-q2-update.win32_1.0.0.201904181610/tools/bin/../lib/gcc/arm-none-eabi/7.3.1/../../../../arm-none-eabi/lib/thumb/v7e-m/fpv4-sp/hard/crt0.o (exit)
c:/st/stm32cubeide_1.3.0/stm32cubeide/plugins/com.st.stm32cube.ide.mcu.externaltools.gnu-tools-for-stm32.7-2018-q2-update.win32_1.0.0.201904181610/tools/bin/../lib/gcc/arm-none-eabi/7.3.1/../../../../arm-none-eabi/lib/thumb/v7e-m/fpv4-sp/hard\libc_nano.a(lib_a-impure.o)
                              c:/st/stm32cubeide_1.3.0/stm32cubeide/plugins/com.st.stm32cube.ide.mcu.externaltools.gnu-tools-for-stm32.7-2018-q2-update.win32_1.0.0.201904181610/tools/bin/../lib/gcc/arm-none-eabi/7.3.1/../../../../arm-none-eabi/lib/thumb/v7e-m/fpv4-sp/hard\libc_nano.a(lib_a-exit.o) (_global_impure_ptr)
c:/st/stm32cubeide_1.3.0/stm32cubeide/plugins/com.st.stm32cube.ide.mcu.externaltools.gnu-tools-for-stm32.7-2018-q2-update.win32_1.0.0.201904181610/tools/bin/../lib/gcc/arm-none-eabi/7.3.1/../../../../arm-none-eabi/lib/thumb/v7e-m/fpv4-sp/hard\libc_nano.a(lib_a-init.o)
                              c:/st/stm32cubeide_1.3.0/stm32cubeide/plugins/com.st.stm32cube.ide.mcu.externaltools.gnu-tools-for-stm32.7-2018-q2-update.win32_1.0.0.201904181610/tools/bin/../lib/gcc/arm-none-eabi/7.3.1/../../../../arm-none-eabi/lib/thumb/v7e-m/fpv4-sp/hard/crt0.o (__libc_init_array)
c:/st/stm32cubeide_1.3.0/stm32cubeide/plugins/com.st.stm32cube.ide.mcu.externaltools.gnu-tools-for-stm32.7-2018-q2-update.win32_1.0.0.201904181610/tools/bin/../lib/gcc/arm-none-eabi/7.3.1/../../../../arm-none-eabi/lib/thumb/v7e-m/fpv4-sp/hard\libc_nano.a(lib_a-memcpy-stub.o)
                              Core/Src/flash_access.o (memcpy)
c:/st/stm32cubeide_1.3.0/stm32cubeide/plugins/com.st.stm32cube.ide.mcu.externaltools.gnu-tools-for-stm32.7-2018-q2-update.win32_1.0.0.201904181610/tools/bin/../lib/gcc/arm-none-eabi/7.3.1/../../../../arm-none-eabi/lib/thumb/v7e-m/fpv4-sp/hard\libc_nano.a(lib_a-memset.o)
                              c:/st/stm32cubeide_1.3.0/stm32cubeide/plugins/com.st.stm32cube.ide.mcu.externaltools.gnu-tools-for-stm32.7-2018-q2-update.win32_1.0.0.201904181610/tools/bin/../lib/gcc/arm-none-eabi/7.3.1/../../../../arm-none-eabi/lib/thumb/v7e-m/fpv4-sp/hard/crt0.o (memset)
c:/st/stm32cubeide_1.3.0/stm32cubeide/plugins/com.st.stm32cube.ide.mcu.externaltools.gnu-tools-for-stm32.7-2018-q2-update.win32_1.0.0.201904181610/tools/bin/../lib/gcc/arm-none-eabi/7.3.1/../../../../arm-none-eabi/lib/thumb/v7e-m/fpv4-sp/hard\libc_nano.a(lib_a-nano-vfprintf_float.o)
                              (_printf_float)
c:/st/stm32cubeide_1.3.0/stm32cubeide/plugins/com.st.stm32cube.ide.mcu.externaltools.gnu-tools-for-stm32.7-2018-q2-update.win32_1.0.0.201904181610/tools/bin/../lib/gcc/arm-none-eabi/7.3.1/../../../../arm-none-eabi/lib/thumb/v7e-m/fpv4-sp/hard\libc_nano.a(lib_a-nano-vfprintf_i.o)
                              c:/st/stm32cubeide_1.3.0/stm32cubeide/plugins/com.st.stm32cube.ide.mcu.externaltools.gnu-tools-for-stm32.7-2018-q2-update.win32_1.0.0.201904181610/tools/bin/../lib/gcc/arm-none-eabi/7.3.1/../../../../arm-none-eabi/lib/thumb/v7e-m/fpv4-sp/hard\libc_nano.a(lib_a-nano-vfprintf_float.o) (_printf_common)
c:/st/stm32cubeide_1.3.0/stm32cubeide/plugins/com.st.stm32cube.ide.mcu.externaltools.gnu-tools-for-stm32.7-2018-q2-update.win32_1.0.0.201904181610/tools/bin/../lib/gcc/arm-none-eabi/7.3.1/../../../../arm-none-eabi/lib/thumb/v7e-m/fpv4-sp/hard\libc_nano.a(lib_a-printf.o)
                              Core/Src/interface.o (printf)
c:/st/stm32cubeide_1.3.0/stm32cubeide/plugins/com.st.stm32cube.ide.mcu.externaltools.gnu-tools-for-stm32.7-2018-q2-update.win32_1.0.0.201904181610/tools/bin/../lib/gcc/arm-none-eabi/7.3.1/../../../../arm-none-eabi/lib/thumb/v7e-m/fpv4-sp/hard\libc_nano.a(lib_a-puts.o)
                              Core/Src/interface.o (puts)
c:/st/stm32cubeide_1.3.0/stm32cubeide/plugins/com.st.stm32cube.ide.mcu.externaltools.gnu-tools-for-stm32.7-2018-q2-update.win32_1.0.0.201904181610/tools/bin/../lib/gcc/arm-none-eabi/7.3.1/../../../../arm-none-eabi/lib/thumb/v7e-m/fpv4-sp/hard\libc_nano.a(lib_a-setbuf.o)
                              Core/Src/main.o (setbuf)
[...]
Memory Configuration

Name             Origin             Length             Attributes
RAM              0x0000000020000000 0x0000000000020000 xrw
FLASH            0x0000000008000000 0x0000000000060000 xr
DATA             0x0000000008060000 0x0000000000020000 xr
*default*        0x0000000000000000 0xffffffffffffffff

Linker script and memory map

LOAD c:/st/stm32cubeide_1.3.0/stm32cubeide/plugins/com.st.stm32cube.ide.mcu.externaltools.gnu-tools-for-stm32.7-2018-q2-update.win32_1.0.0.201904181610/tools/bin/../lib/gcc/arm-none-eabi/7.3.1/thumb/v7e-m/fpv4-sp/hard/crti.o
LOAD c:/st/stm32cubeide_1.3.0/stm32cubeide/plugins/com.st.stm32cube.ide.mcu.externaltools.gnu-tools-for-stm32.7-2018-q2-update.win32_1.0.0.201904181610/tools/bin/../lib/gcc/arm-none-eabi/7.3.1/thumb/v7e-m/fpv4-sp/hard/crtbegin.o
LOAD c:/st/stm32cubeide_1.3.0/stm32cubeide/plugins/com.st.stm32cube.ide.mcu.externaltools.gnu-tools-for-stm32.7-2018-q2-update.win32_1.0.0.201904181610/tools/bin/../lib/gcc/arm-none-eabi/7.3.1/../../../../arm-none-eabi/lib/thumb/v7e-m/fpv4-sp/hard/crt0.o
LOAD Core/Src/adc.o
LOAD Core/Src/adjustment.o
LOAD Core/Src/dma.o
LOAD Core/Src/flash_access.o
LOAD Core/Src/gpio.o
LOAD Core/Src/interface.o
LOAD Core/Src/ir_sensors.o
LOAD Core/Src/main.o
LOAD Core/Src/motor.o
LOAD Core/Src/myinterrupt.o
LOAD Core/Src/myspi.o
LOAD Core/Src/run.o
LOAD Core/Src/search.o
LOAD Core/Src/spi.o
LOAD Core/Src/stm32f4xx_hal_msp.o
LOAD Core/Src/stm32f4xx_it.o
LOAD Core/Src/syscalls.o
LOAD Core/Src/sysmem.o
LOAD Core/Src/system_stm32f4xx.o
LOAD Core/Src/tim.o
LOAD Core/Src/usart.o
LOAD Core/Startup/startup_stm32f411ceux.o
LOAD Drivers/STM32F4xx_HAL_Driver/Src/stm32f4xx_hal.o
LOAD Drivers/STM32F4xx_HAL_Driver/Src/stm32f4xx_hal_adc.o
LOAD Drivers/STM32F4xx_HAL_Driver/Src/stm32f4xx_hal_adc_ex.o
LOAD Drivers/STM32F4xx_HAL_Driver/Src/stm32f4xx_hal_cortex.o
LOAD Drivers/STM32F4xx_HAL_Driver/Src/stm32f4xx_hal_dma.o
LOAD Drivers/STM32F4xx_HAL_Driver/Src/stm32f4xx_hal_dma_ex.o
LOAD Drivers/STM32F4xx_HAL_Driver/Src/stm32f4xx_hal_exti.o
LOAD Drivers/STM32F4xx_HAL_Driver/Src/stm32f4xx_hal_flash.o
LOAD Drivers/STM32F4xx_HAL_Driver/Src/stm32f4xx_hal_flash_ex.o
LOAD Drivers/STM32F4xx_HAL_Driver/Src/stm32f4xx_hal_flash_ramfunc.o
LOAD Drivers/STM32F4xx_HAL_Driver/Src/stm32f4xx_hal_gpio.o
LOAD Drivers/STM32F4xx_HAL_Driver/Src/stm32f4xx_hal_pwr.o
LOAD Drivers/STM32F4xx_HAL_Driver/Src/stm32f4xx_hal_pwr_ex.o
LOAD Drivers/STM32F4xx_HAL_Driver/Src/stm32f4xx_hal_rcc.o
LOAD Drivers/STM32F4xx_HAL_Driver/Src/stm32f4xx_hal_rcc_ex.o
LOAD Drivers/STM32F4xx_HAL_Driver/Src/stm32f4xx_hal_spi.o
LOAD Drivers/STM32F4xx_HAL_Driver/Src/stm32f4xx_hal_tim.o
LOAD Drivers/STM32F4xx_HAL_Driver/Src/stm32f4xx_hal_tim_ex.o
LOAD Drivers/STM32F4xx_HAL_Driver/Src/stm32f4xx_hal_uart.o
START GROUP
LOAD c:/st/stm32cubeide_1.3.0/stm32cubeide/plugins/com.st.stm32cube.ide.mcu.externaltools.gnu-tools-for-stm32.7-2018-q2-update.win32_1.0.0.201904181610/tools/bin/../lib/gcc/arm-none-eabi/7.3.1/../../../../arm-none-eabi/lib/thumb/v7e-m/fpv4-sp/hard\libc_nano.a
LOAD c:/st/stm32cubeide_1.3.0/stm32cubeide/plugins/com.st.stm32cube.ide.mcu.externaltools.gnu-tools-for-stm32.7-2018-q2-update.win32_1.0.0.201904181610/tools/bin/../lib/gcc/arm-none-eabi/7.3.1/../../../../arm-none-eabi/lib/thumb/v7e-m/fpv4-sp/hard\libm.a
END GROUP
START GROUP
LOAD c:/st/stm32cubeide_1.3.0/stm32cubeide/plugins/com.st.stm32cube.ide.mcu.externaltools.gnu-tools-for-stm32.7-2018-q2-update.win32_1.0.0.201904181610/tools/bin/../lib/gcc/arm-none-eabi/7.3.1/thumb/v7e-m/fpv4-sp/hard\libgcc.a
LOAD c:/st/stm32cubeide_1.3.0/stm32cubeide/plugins/com.st.stm32cube.ide.mcu.externaltools.gnu-tools-for-stm32.7-2018-q2-update.win32_1.0.0.201904181610/tools/bin/../lib/gcc/arm-none-eabi/7.3.1/../../../../arm-none-eabi/lib/thumb/v7e-m/fpv4-sp/hard\libc_nano.a
END GROUP
START GROUP
LOAD c:/st/stm32cubeide_1.3.0/stm32cubeide/plugins/com.st.stm32cube.ide.mcu.externaltools.gnu-tools-for-stm32.7-2018-q2-update.win32_1.0.0.201904181610/tools/bin/../lib/gcc/arm-none-eabi/7.3.1/thumb/v7e-m/fpv4-sp/hard\libgcc.a
LOAD c:/st/stm32cubeide_1.3.0/stm32cubeide/plugins/com.st.stm32cube.ide.mcu.externaltools.gnu-tools-for-stm32.7-2018-q2-update.win32_1.0.0.201904181610/tools/bin/../lib/gcc/arm-none-eabi/7.3.1/../../../../arm-none-eabi/lib/thumb/v7e-m/fpv4-sp/hard\libc_nano.a
LOAD c:/st/stm32cubeide_1.3.0/stm32cubeide/plugins/com.st.stm32cube.ide.mcu.externaltools.gnu-tools-for-stm32.7-2018-q2-update.win32_1.0.0.201904181610/tools/bin/../lib/gcc/arm-none-eabi/7.3.1/../../../../arm-none-eabi/lib/thumb/v7e-m/fpv4-sp/hard\libnosys.a
END GROUP
START GROUP
LOAD c:/st/stm32cubeide_1.3.0/stm32cubeide/plugins/com.st.stm32cube.ide.mcu.externaltools.gnu-tools-for-stm32.7-2018-q2-update.win32_1.0.0.201904181610/tools/bin/../lib/gcc/arm-none-eabi/7.3.1/thumb/v7e-m/fpv4-sp/hard\libgcc.a
LOAD c:/st/stm32cubeide_1.3.0/stm32cubeide/plugins/com.st.stm32cube.ide.mcu.externaltools.gnu-tools-for-stm32.7-2018-q2-update.win32_1.0.0.201904181610/tools/bin/../lib/gcc/arm-none-eabi/7.3.1/../../../../arm-none-eabi/lib/thumb/v7e-m/fpv4-sp/hard\libc_nano.a
LOAD c:/st/stm32cubeide_1.3.0/stm32cubeide/plugins/com.st.stm32cube.ide.mcu.externaltools.gnu-tools-for-stm32.7-2018-q2-update.win32_1.0.0.201904181610/tools/bin/../lib/gcc/arm-none-eabi/7.3.1/../../../../arm-none-eabi/lib/thumb/v7e-m/fpv4-sp/hard\libnosys.a
END GROUP
LOAD c:/st/stm32cubeide_1.3.0/stm32cubeide/plugins/com.st.stm32cube.ide.mcu.externaltools.gnu-tools-for-stm32.7-2018-q2-update.win32_1.0.0.201904181610/tools/bin/../lib/gcc/arm-none-eabi/7.3.1/thumb/v7e-m/fpv4-sp/hard/crtend.o
LOAD c:/st/stm32cubeide_1.3.0/stm32cubeide/plugins/com.st.stm32cube.ide.mcu.externaltools.gnu-tools-for-stm32.7-2018-q2-update.win32_1.0.0.201904181610/tools/bin/../lib/gcc/arm-none-eabi/7.3.1/thumb/v7e-m/fpv4-sp/hard/crtn.o
                0x0000000020020000                _estack = (ORIGIN (RAM) + LENGTH (RAM))
                0x0000000000000200                _Min_Heap_Size = 0x200
                0x0000000000000400                _Min_Stack_Size = 0x400

.isr_vector     0x0000000008000000      0x198
                0x0000000008000000                . = ALIGN (0x4)
 *(.isr_vector)
 .isr_vector    0x0000000008000000      0x198 Core/Startup/startup_stm32f411ceux.o
                0x0000000008000000                g_pfnVectors
                0x0000000008000198                . = ALIGN (0x4)

.text           0x00000000080001a0    0x14700
                0x00000000080001a0                . = ALIGN (0x4)
 *(.text)
 .text          0x00000000080001a0       0x40 c:/st/stm32cubeide_1.3.0/stm32cubeide/plugins/com.st.stm32cube.ide.mcu.externaltools.gnu-tools-for-stm32.7-2018-q2-update.win32_1.0.0.201904181610/tools/bin/../lib/gcc/arm-none-eabi/7.3.1/thumb/v7e-m/fpv4-sp/hard/crtbegin.o
 .text          0x00000000080001e0       0x10 c:/st/stm32cubeide_1.3.0/stm32cubeide/plugins/com.st.stm32cube.ide.mcu.externaltools.gnu-tools-for-stm32.7-2018-q2-update.win32_1.0.0.201904181610/tools/bin/../lib/gcc/arm-none-eabi/7.3.1/../../../../arm-none-eabi/lib/thumb/v7e-m/fpv4-sp/hard\libc_nano.a(lib_a-strlen.o)
                0x00000000080001e0                strlen
 .text          0x00000000080001f0       0xa0 c:/st/stm32cubeide_1.3.0/stm32cubeide/plugins/com.st.stm32cube.ide.mcu.externaltools.gnu-tools-for-stm32.7-2018-q2-update.win32_1.0.0.201904181610/tools/bin/../lib/gcc/arm-none-eabi/7.3.1/../../../../arm-none-eabi/lib/thumb/v7e-m/fpv4-sp/hard\libc_nano.a(lib_a-memchr.o)
                0x00000000080001f0                memchr
 .text          0x0000000008000290      0x378 c:/st/stm32cubeide_1.3.0/stm32cubeide/plugins/com.st.stm32cube.ide.mcu.externaltools.gnu-tools-for-stm32.7-2018-q2-update.win32_1.0.0.201904181610/tools/bin/../lib/gcc/arm-none-eabi/7.3.1/thumb/v7e-m/fpv4-sp/hard\libgcc.a(_arm_addsubdf3.o)
                0x0000000008000290                __aeabi_drsub
                0x0000000008000298                __aeabi_dsub
                0x0000000008000298                __subdf3
                0x000000000800029c                __aeabi_dadd
                0x000000000800029c                __adddf3
                0x0000000008000514                __floatunsidf
                0x0000000008000514                __aeabi_ui2d
                0x0000000008000534                __floatsidf
                0x0000000008000534                __aeabi_i2d
                0x0000000008000558                __aeabi_f2d
                0x0000000008000558                __extendsfdf2
                0x000000000800059c                __floatundidf
                0x000000000800059c                __aeabi_ul2d
                0x00000000080005ac                __floatdidf
                0x00000000080005ac                __aeabi_l2d
 .text          0x0000000008000608      0x424 c:/st/stm32cubeide_1.3.0/stm32cubeide/plugins/com.st.stm32cube.ide.mcu.externaltools.gnu-tools-for-stm32.7-2018-q2-update.win32_1.0.0.201904181610/tools/bin/../lib/gcc/arm-none-eabi/7.3.1/thumb/v7e-m/fpv4-sp/hard\libgcc.a(_arm_muldivdf3.o)
                0x0000000008000608                __aeabi_dmul
                0x0000000008000608                __muldf3
                0x000000000800085c                __divdf3
                0x000000000800085c                __aeabi_ddiv
 .text          0x0000000008000a2c      0x110 c:/st/stm32cubeide_1.3.0/stm32cubeide/plugins/com.st.stm32cube.ide.mcu.externaltools.gnu-tools-for-stm32.7-2018-q2-update.win32_1.0.0.201904181610/tools/bin/../lib/gcc/arm-none-eabi/7.3.1/thumb/v7e-m/fpv4-sp/hard\libgcc.a(_arm_cmpdf2.o)
                0x0000000008000a2c                __gtdf2
                0x0000000008000a2c                __gedf2
                0x0000000008000a34                __ltdf2
                0x0000000008000a34                __ledf2
                0x0000000008000a3c                __nedf2
                0x0000000008000a3c                __eqdf2
                0x0000000008000a3c                __cmpdf2
                0x0000000008000ab8                __aeabi_cdrcmple
                0x0000000008000ac8                __aeabi_cdcmpeq
                0x0000000008000ac8                __aeabi_cdcmple
                0x0000000008000ad8                __aeabi_dcmpeq
                0x0000000008000aec                __aeabi_dcmplt
                0x0000000008000b00                __aeabi_dcmple
                0x0000000008000b14                __aeabi_dcmpge
                0x0000000008000b28                __aeabi_dcmpgt
 .text          0x0000000008000b3c       0x2c c:/st/stm32cubeide_1.3.0/stm32cubeide/plugins/com.st.stm32cube.ide.mcu.externaltools.gnu-tools-for-stm32.7-2018-q2-update.win32_1.0.0.201904181610/tools/bin/../lib/gcc/arm-none-eabi/7.3.1/thumb/v7e-m/fpv4-sp/hard\libgcc.a(_arm_unorddf2.o)
                0x0000000008000b3c                __unorddf2
                0x0000000008000b3c                __aeabi_dcmpun
 .text          0x0000000008000b68       0x50 c:/st/stm32cubeide_1.3.0/stm32cubeide/plugins/com.st.stm32cube.ide.mcu.externaltools.gnu-tools-for-stm32.7-2018-q2-update.win32_1.0.0.201904181610/tools/bin/../lib/gcc/arm-none-eabi/7.3.1/thumb/v7e-m/fpv4-sp/hard\libgcc.a(_arm_fixdfsi.o)
                0x0000000008000b68                __aeabi_d2iz
                0x0000000008000b68                __fixdfsi
 .text          0x0000000008000bb8       0xa0 c:/st/stm32cubeide_1.3.0/stm32cubeide/plugins/com.st.stm32cube.ide.mcu.externaltools.gnu-tools-for-stm32.7-2018-q2-update.win32_1.0.0.201904181610/tools/bin/../lib/gcc/arm-none-eabi/7.3.1/thumb/v7e-m/fpv4-sp/hard\libgcc.a(_arm_truncdfsf2.o)
                0x0000000008000bb8                __truncdfsf2
                0x0000000008000bb8                __aeabi_d2f
 .text          0x0000000008000c58       0x30 c:/st/stm32cubeide_1.3.0/stm32cubeide/plugins/com.st.stm32cube.ide.mcu.externaltools.gnu-tools-for-stm32.7-2018-q2-update.win32_1.0.0.201904181610/tools/bin/../lib/gcc/arm-none-eabi/7.3.1/thumb/v7e-m/fpv4-sp/hard\libgcc.a(_aeabi_uldivmod.o)
                0x0000000008000c58                __aeabi_uldivmod
 .text          0x0000000008000c88      0x2cc c:/st/stm32cubeide_1.3.0/stm32cubeide/plugins/com.st.stm32cube.ide.mcu.externaltools.gnu-tools-for-stm32.7-2018-q2-update.win32_1.0.0.201904181610/tools/bin/../lib/gcc/arm-none-eabi/7.3.1/thumb/v7e-m/fpv4-sp/hard\libgcc.a(_udivmoddi4.o)
                0x0000000008000c88                __udivmoddi4
 .text          0x0000000008000f54        0x4 c:/st/stm32cubeide_1.3.0/stm32cubeide/plugins/com.st.stm32cube.ide.mcu.externaltools.gnu-tools-for-stm32.7-2018-q2-update.win32_1.0.0.201904181610/tools/bin/../lib/gcc/arm-none-eabi/7.3.1/thumb/v7e-m/fpv4-sp/hard\libgcc.a(_dvmd_tls.o)
                0x0000000008000f54                __aeabi_idiv0
                0x0000000008000f54                __aeabi_ldiv0
 *(.text*)
 .text.MX_ADC1_Init
                0x0000000008000f58      0x11c Core/Src/adc.o
                0x0000000008000f58                MX_ADC1_Init
 .text.HAL_ADC_MspInit
                0x0000000008001074       0xf0 Core/Src/adc.o
                0x0000000008001074                HAL_ADC_MspInit
 .text.adjustment_slalom_R2
                0x0000000008001164       0x78 Core/Src/adjustment.o
                0x0000000008001164                adjustment_slalom_R2
 .text.adjustment_slalom_L2
                0x00000000080011dc       0x78 Core/Src/adjustment.o
                0x00000000080011dc                adjustment_slalom_L2
 .text.MX_DMA_Init
                0x0000000008001254       0x60 Core/Src/dma.o
                0x0000000008001254                MX_DMA_Init
 .text.save_data
                0x00000000080012b4       0x80 Core/Src/flash_access.o
                0x00000000080012b4                save_data
 .text.write_save_data
                0x0000000008001334       0x1c Core/Src/flash_access.o
                0x0000000008001334                write_save_data
 .text.read_save_data
                0x0000000008001350       0x14 Core/Src/flash_access.o
                0x0000000008001350                read_save_data
 .text.read_map_flash
                0x0000000008001364       0x60 Core/Src/flash_access.o
                0x0000000008001364                read_map_flash
 .text.write_map_flash
                0x00000000080013c4       0x60 Core/Src/flash_access.o
                0x00000000080013c4                write_map_flash
 .text.read_wall_flash
                0x0000000008001424       0xd4 Core/Src/flash_access.o
                0x0000000008001424                read_wall_flash
 .text.write_wall_flash
                0x00000000080014f8       0xc0 Core/Src/flash_access.o
                0x00000000080014f8                write_wall_flash
 .text.eraseFlash
                0x00000000080015b8       0x2e Core/Src/flash_access.o
                0x00000000080015b8                eraseFlash
 .text.writeFlash
                0x00000000080015e6       0x28 Core/Src/flash_access.o
                0x00000000080015e6                writeFlash
 .text.loadFlash
                0x000000000800160e       0x20 Core/Src/flash_access.o
                0x000000000800160e                loadFlash
 *fill*         0x000000000800162e        0x2 
 .text.MX_GPIO_Init
                0x0000000008001630       0xd0 Core/Src/gpio.o
                0x0000000008001630                MX_GPIO_Init
 .text.MY_LED   0x0000000008001700       0xa8 Core/Src/interface.o
                0x0000000008001700                MY_LED
 .text.check_LED
                0x00000000080017a8       0x38 Core/Src/interface.o
                0x00000000080017a8                check_LED
 .text.check_LED_toggle
                0x00000000080017e0       0x3c Core/Src/interface.o
                0x00000000080017e0                check_LED_toggle
 .text.read_button
                0x000000000800181c       0xbc Core/Src/interface.o
                0x000000000800181c                read_button
 .text.print_log
                0x00000000080018d8      0x1a0 Core/Src/interface.o
                0x00000000080018d8                print_log
 .text.print_irsens_log
                0x0000000008001a78       0x98 Core/Src/interface.o
                0x0000000008001a78                print_irsens_log
 .text.disp_map
                0x0000000008001b10      0x124 Core/Src/interface.o
                0x0000000008001b10                disp_map
 .text.ir_sensor_Initialize
                0x0000000008001c34       0x38 Core/Src/ir_sensors.o
                0x0000000008001c34                ir_sensor_Initialize
 .text.ir_sensor_interrupt
                0x0000000008001c6c       0x90 Core/Src/ir_sensors.o
                0x0000000008001c6c                ir_sensor_interrupt
 .text.__NVIC_SystemReset
                0x0000000008001cfc       0x28 Core/Src/main.o
 *fill*         0x0000000008001d24        0x4 
 .text.main     0x0000000008001d28      0xb80 Core/Src/main.o
                0x0000000008001d28                main
 .text.SystemClock_Config
                0x00000000080028a8       0xd0 Core/Src/main.o
                0x00000000080028a8                SystemClock_Config
 .text._write   0x0000000008002978       0x28 Core/Src/main.o
                0x0000000008002978                _write
 .text.Error_Handler
                0x00000000080029a0        0xe Core/Src/main.o
                0x00000000080029a0                Error_Handler
 *fill*         0x00000000080029ae        0x2 
 .text.Motor_Start
                0x00000000080029b0       0x2c Core/Src/motor.o
                0x00000000080029b0                Motor_Start
 .text.Motor_Set_Duty_Right
                0x00000000080029dc      0x100 Core/Src/motor.o
                0x00000000080029dc                Motor_Set_Duty_Right
 .text.Motor_Set_Duty_Left
                0x0000000008002adc      0x100 Core/Src/motor.o
                0x0000000008002adc                Motor_Set_Duty_Left
 .text.Motor_Stop
                0x0000000008002bdc       0x2c Core/Src/motor.o
                0x0000000008002bdc                Motor_Stop
 .text.__NVIC_SystemReset
                0x0000000008002c08       0x28 Core/Src/myinterrupt.o
 .text.interrupt_start
                0x0000000008002c30       0x14 Core/Src/myinterrupt.o
                0x0000000008002c30                interrupt_start
 *fill*         0x0000000008002c44        0x4 
 .text.interrupt_main
                0x0000000008002c48      0xbe4 Core/Src/myinterrupt.o
                0x0000000008002c48                interrupt_main
 *fill*         0x000000000800382c        0x4 
 .text.get_speed
                0x0000000008003830      0x4d0 Core/Src/myinterrupt.o
                0x0000000008003830                get_speed
 .text.check_error
                0x0000000008003d00      0x240 Core/Src/myinterrupt.o
                0x0000000008003d00                check_error
 .text.write_byte
                0x0000000008003f40       0x5c Core/Src/myspi.o
                0x0000000008003f40                write_byte
 .text.myspi_init
                0x0000000008003f9c       0x30 Core/Src/myspi.o
                0x0000000008003f9c                myspi_init
 .text.gyro_init
                0x0000000008003fcc       0xb8 Core/Src/myspi.o
                0x0000000008003fcc                gyro_init
 .text.myspi_start
                0x0000000008004084       0x1c Core/Src/myspi.o
                0x0000000008004084                myspi_start
 .text.IMU_read_DMA
                0x00000000080040a0       0x30 Core/Src/myspi.o
                0x00000000080040a0                IMU_read_DMA
 .text.RENC_read_DMA
                0x00000000080040d0       0x30 Core/Src/myspi.o
                0x00000000080040d0                RENC_read_DMA
 .text.LENC_read_DMA
                0x0000000008004100       0x30 Core/Src/myspi.o
                0x0000000008004100                LENC_read_DMA
 .text.HAL_SPI_TxRxCpltCallback
                0x0000000008004130       0xf8 Core/Src/myspi.o
                0x0000000008004130                HAL_SPI_TxRxCpltCallback
 .text.read_enc_R_count
                0x0000000008004228       0x24 Core/Src/myspi.o
                0x0000000008004228                read_enc_R_count
 .text.read_enc_L_count
                0x000000000800424c       0x24 Core/Src/myspi.o
                0x000000000800424c                read_enc_L_count
 .text.read_gyro_yaw
                0x0000000008004270       0x54 Core/Src/myspi.o
                0x0000000008004270                read_gyro_yaw
 *fill*         0x00000000080042c4        0x4 
 .text.read_gyro_x_axis
                0x00000000080042c8       0x4c Core/Src/myspi.o
                0x00000000080042c8                read_gyro_x_axis
 *fill*         0x0000000008004314        0x4 
 .text.read_gyro_y_axis
                0x0000000008004318       0x4c Core/Src/myspi.o
                0x0000000008004318                read_gyro_y_axis
 *fill*         0x0000000008004364        0x4 
 .text.read_accel_x_axis
                0x0000000008004368       0x60 Core/Src/myspi.o
                0x0000000008004368                read_accel_x_axis
 .text.read_accel_y_axis
                0x00000000080043c8       0x60 Core/Src/myspi.o
                0x00000000080043c8                read_accel_y_axis
 .text.read_accel_z_axis
                0x0000000008004428       0x60 Core/Src/myspi.o
                0x0000000008004428                read_accel_z_axis
 .text.straight
                0x0000000008004488      0x43c Core/Src/run.o
                0x0000000008004488                straight
 *fill*         0x00000000080048c4        0x4 
 .text.STOP_WALL
                0x00000000080048c8      0x170 Core/Src/run.o
                0x00000000080048c8                STOP_WALL
 .text.STOP_WALL2
                0x0000000008004a38      0x360 Core/Src/run.o
                0x0000000008004a38                STOP_WALL2
 .text.turn_R90
                0x0000000008004d98      0x23c Core/Src/run.o
                0x0000000008004d98                turn_R90
 *fill*         0x0000000008004fd4        0x4 
 .text.turn_L90
                0x0000000008004fd8      0x22c Core/Src/run.o
                0x0000000008004fd8                turn_L90
 *fill*         0x0000000008005204        0x4 
 .text.turn_L180
                0x0000000008005208      0x228 Core/Src/run.o
                0x0000000008005208                turn_L180
 .text.sla_L90  0x0000000008005430      0x3c4 Core/Src/run.o
                0x0000000008005430                sla_L90
 *fill*         0x00000000080057f4        0x4 
 .text.sla_R90  0x00000000080057f8      0x3d4 Core/Src/run.o
                0x00000000080057f8                sla_R90
 *fill*         0x0000000008005bcc        0x4 
 .text.long_turn_R90
                0x0000000008005bd0      0x348 Core/Src/run.o
                0x0000000008005bd0                long_turn_R90
 .text.long_turn_L90
                0x0000000008005f18      0x34c Core/Src/run.o
                0x0000000008005f18                long_turn_L90
 *fill*         0x0000000008006264        0x4 
 .text.long_turn_R180
                0x0000000008006268      0x348 Core/Src/run.o
                0x0000000008006268                long_turn_R180
 .text.long_turn_L180
                0x00000000080065b0      0x348 Core/Src/run.o
                0x00000000080065b0                long_turn_L180
 .text.in_L45   0x00000000080068f8      0x344 Core/Src/run.o
                0x00000000080068f8                in_L45
 *fill*         0x0000000008006c3c        0x4 
 .text.out_L45  0x0000000008006c40      0x2c0 Core/Src/run.o
                0x0000000008006c40                out_L45
 .text.in_R45   0x0000000008006f00      0x340 Core/Src/run.o
                0x0000000008006f00                in_R45
 .text.out_R45  0x0000000008007240      0x2bc Core/Src/run.o
                0x0000000008007240                out_R45
 *fill*         0x00000000080074fc        0x4 
 .text.in_R135  0x0000000008007500      0x338 Core/Src/run.o
                0x0000000008007500                in_R135
 .text.out_R135
                0x0000000008007838      0x2b4 Core/Src/run.o
                0x0000000008007838                out_R135
 *fill*         0x0000000008007aec        0x4 
 .text.in_L135  0x0000000008007af0      0x33c Core/Src/run.o
                0x0000000008007af0                in_L135
 *fill*         0x0000000008007e2c        0x4 
 .text.out_L135
                0x0000000008007e30      0x2b8 Core/Src/run.o
                0x0000000008007e30                out_L135
 .text.v_R90    0x00000000080080e8      0x32c Core/Src/run.o
                0x00000000080080e8                v_R90
 *fill*         0x0000000008008414        0x4 
 .text.v_L90    0x0000000008008418      0x330 Core/Src/run.o
                0x0000000008008418                v_L90
 .text.diagonal
                0x0000000008008748      0x304 Core/Src/run.o
                0x0000000008008748                diagonal
 .text.init_maze
                0x0000000008008a4c      0x158 Core/Src/search.o
                0x0000000008008a4c                init_maze
 .text.init_map
                0x0000000008008ba4       0x9c Core/Src/search.o
                0x0000000008008ba4                init_map
 .text.init_map_zenmen
                0x0000000008008c40       0xfc Core/Src/search.o
                0x0000000008008c40                init_map_zenmen
 .text.i_am_goal
                0x0000000008008d3c       0x6c Core/Src/search.o
                0x0000000008008d3c                i_am_goal
 .text.make_map
                0x0000000008008da8      0x208 Core/Src/search.o
                0x0000000008008da8                make_map
 .text.is_unknown
                0x0000000008008fb0       0x80 Core/Src/search.o
                0x0000000008008fb0                is_unknown
 .text.set_wall
                0x0000000008009030      0x258 Core/Src/search.o
                0x0000000008009030                set_wall
 .text.get_priority
                0x0000000008009288       0x6c Core/Src/search.o
                0x0000000008009288                get_priority
 .text.get_nextdir
                0x00000000080092f4      0x360 Core/Src/search.o
                0x00000000080092f4                get_nextdir
 .text.search_adachi
                0x0000000008009654      0x374 Core/Src/search.o
                0x0000000008009654                search_adachi
 .text.make_map_zenmen
                0x00000000080099c8      0x470 Core/Src/search.o
                0x00000000080099c8                make_map_zenmen
 .text.get_nextdir_zenmen
                0x0000000008009e38      0x360 Core/Src/search.o
                0x0000000008009e38                get_nextdir_zenmen
 .text.search_adachi_zenmen2
                0x000000000800a198      0x634 Core/Src/search.o
                0x000000000800a198                search_adachi_zenmen2
 .text.saitan3  0x000000000800a7cc      0xc48 Core/Src/search.o
                0x000000000800a7cc                saitan3
 .text.saitan4  0x000000000800b414      0x714 Core/Src/search.o
                0x000000000800b414                saitan4
 .text.saitan5  0x000000000800bb28     0x1310 Core/Src/search.o
                0x000000000800bb28                saitan5
 .text.MX_SPI1_Init
                0x000000000800ce38       0x6c Core/Src/spi.o
                0x000000000800ce38                MX_SPI1_Init
 .text.HAL_SPI_MspInit
                0x000000000800cea4      0x19c Core/Src/spi.o
                0x000000000800cea4                HAL_SPI_MspInit
 .text.HAL_MspInit
                0x000000000800d040       0x50 Core/Src/stm32f4xx_hal_msp.o
                0x000000000800d040                HAL_MspInit
 .text.NMI_Handler
                0x000000000800d090        0xe Core/Src/stm32f4xx_it.o
                0x000000000800d090                NMI_Handler
 .text.HardFault_Handler
                0x000000000800d09e        0x6 Core/Src/stm32f4xx_it.o
                0x000000000800d09e                HardFault_Handler
 .text.MemManage_Handler
                0x000000000800d0a4        0x6 Core/Src/stm32f4xx_it.o
                0x000000000800d0a4                MemManage_Handler
 .text.BusFault_Handler
                0x000000000800d0aa        0x6 Core/Src/stm32f4xx_it.o
                0x000000000800d0aa                BusFault_Handler
 .text.UsageFault_Handler
                0x000000000800d0b0        0x6 Core/Src/stm32f4xx_it.o
                0x000000000800d0b0                UsageFault_Handler
 .text.SVC_Handler
                0x000000000800d0b6        0xe Core/Src/stm32f4xx_it.o
                0x000000000800d0b6                SVC_Handler
 .text.DebugMon_Handler
                0x000000000800d0c4        0xe Core/Src/stm32f4xx_it.o
                0x000000000800d0c4                DebugMon_Handler
 .text.PendSV_Handler
                0x000000000800d0d2        0xe Core/Src/stm32f4xx_it.o
                0x000000000800d0d2                PendSV_Handler
 .text.SysTick_Handler
                0x000000000800d0e0        0xc Core/Src/stm32f4xx_it.o
                0x000000000800d0e0                SysTick_Handler
 .text.TIM1_UP_TIM10_IRQHandler
                0x000000000800d0ec       0x1c Core/Src/stm32f4xx_it.o
                0x000000000800d0ec                TIM1_UP_TIM10_IRQHandler
 .text.TIM4_IRQHandler
                0x000000000800d108       0x60 Core/Src/stm32f4xx_it.o
                0x000000000800d108                TIM4_IRQHandler
 .text.TIM5_IRQHandler
                0x000000000800d168       0x18 Core/Src/stm32f4xx_it.o
                0x000000000800d168                TIM5_IRQHandler
 .text.DMA2_Stream0_IRQHandler
                0x000000000800d180       0x14 Core/Src/stm32f4xx_it.o
                0x000000000800d180                DMA2_Stream0_IRQHandler
 .text.DMA2_Stream2_IRQHandler
                0x000000000800d194       0x14 Core/Src/stm32f4xx_it.o
                0x000000000800d194                DMA2_Stream2_IRQHandler
 .text.DMA2_Stream3_IRQHandler
                0x000000000800d1a8       0x14 Core/Src/stm32f4xx_it.o
                0x000000000800d1a8                DMA2_Stream3_IRQHandler
 .text._read    0x000000000800d1bc       0x3a Core/Src/syscalls.o
                0x000000000800d1bc                _read
 .text._close   0x000000000800d1f6       0x18 Core/Src/syscalls.o
                0x000000000800d1f6                _close
 .text._fstat   0x000000000800d20e       0x20 Core/Src/syscalls.o
                0x000000000800d20e                _fstat
 .text._isatty  0x000000000800d22e       0x16 Core/Src/syscalls.o
                0x000000000800d22e                _isatty
 .text._lseek   0x000000000800d244       0x1a Core/Src/syscalls.o
                0x000000000800d244                _lseek
 *fill*         0x000000000800d25e        0x2 
 .text._sbrk    0x000000000800d260       0x58 Core/Src/sysmem.o
                0x000000000800d260                _sbrk
 .text.SystemInit
                0x000000000800d2b8       0x2c Core/Src/system_stm32f4xx.o
                0x000000000800d2b8                SystemInit
 .text.MX_TIM2_Init
                0x000000000800d2e4       0x98 Core/Src/tim.o
                0x000000000800d2e4                MX_TIM2_Init
 .text.MX_TIM3_Init
                0x000000000800d37c      0x130 Core/Src/tim.o
                0x000000000800d37c                MX_TIM3_Init
 .text.MX_TIM4_Init
                0x000000000800d4ac       0xe8 Core/Src/tim.o
                0x000000000800d4ac                MX_TIM4_Init
 .text.MX_TIM5_Init
                0x000000000800d594       0xe4 Core/Src/tim.o
                0x000000000800d594                MX_TIM5_Init
 .text.MX_TIM10_Init
                0x000000000800d678       0x94 Core/Src/tim.o
                0x000000000800d678                MX_TIM10_Init
 .text.HAL_TIM_Base_MspInit
                0x000000000800d70c       0xe0 Core/Src/tim.o
                0x000000000800d70c                HAL_TIM_Base_MspInit
 .text.HAL_TIM_PWM_MspInit
                0x000000000800d7ec       0x50 Core/Src/tim.o
                0x000000000800d7ec                HAL_TIM_PWM_MspInit
 .text.HAL_TIM_MspPostInit
                0x000000000800d83c       0xb4 Core/Src/tim.o
                0x000000000800d83c                HAL_TIM_MspPostInit
 .text.MX_USART1_UART_Init
                0x000000000800d8f0       0x54 Core/Src/usart.o
                0x000000000800d8f0                MX_USART1_UART_Init
 .text.HAL_UART_MspInit
                0x000000000800d944       0x90 Core/Src/usart.o
                0x000000000800d944                HAL_UART_MspInit
 .text.Reset_Handler
                0x000000000800d9d4       0x50 Core/Startup/startup_stm32f411ceux.o
                0x000000000800d9d4                Reset_Handler
 .text.Default_Handler
                0x000000000800da24        0x2 Core/Startup/startup_stm32f411ceux.o
                0x000000000800da24                RTC_Alarm_IRQHandler
                0x000000000800da24                EXTI2_IRQHandler
                0x000000000800da24                SPI4_IRQHandler
                0x000000000800da24                TIM1_CC_IRQHandler
                0x000000000800da24                DMA2_Stream5_IRQHandler
                0x000000000800da24                DMA1_Stream5_IRQHandler
                0x000000000800da24                PVD_IRQHandler
                0x000000000800da24                SDIO_IRQHandler
                0x000000000800da24                TAMP_STAMP_IRQHandler
                0x000000000800da24                EXTI3_IRQHandler
                0x000000000800da24                I2C3_ER_IRQHandler
                0x000000000800da24                EXTI0_IRQHandler
                0x000000000800da24                I2C2_EV_IRQHandler
                0x000000000800da24                DMA1_Stream2_IRQHandler
                0x000000000800da24                FPU_IRQHandler
                0x000000000800da24                SPI1_IRQHandler
                0x000000000800da24                TIM1_BRK_TIM9_IRQHandler
                0x000000000800da24                USART6_IRQHandler
                0x000000000800da24                I2C1_EV_IRQHandler
                0x000000000800da24                DMA1_Stream6_IRQHandler
                0x000000000800da24                DMA1_Stream1_IRQHandler
                0x000000000800da24                TIM3_IRQHandler
                0x000000000800da24                RCC_IRQHandler
                0x000000000800da24                Default_Handler
                0x000000000800da24                EXTI15_10_IRQHandler
                0x000000000800da24                ADC_IRQHandler
                0x000000000800da24                DMA1_Stream7_IRQHandler
                0x000000000800da24                SPI5_IRQHandler
                0x000000000800da24                DMA2_Stream7_IRQHandler
                0x000000000800da24                I2C3_EV_IRQHandler
                0x000000000800da24                EXTI9_5_IRQHandler
                0x000000000800da24                RTC_WKUP_IRQHandler
                0x000000000800da24                SPI2_IRQHandler
                0x000000000800da24                DMA1_Stream0_IRQHandler
                0x000000000800da24                EXTI4_IRQHandler
                0x000000000800da24                WWDG_IRQHandler
                0x000000000800da24                TIM2_IRQHandler
                0x000000000800da24                OTG_FS_WKUP_IRQHandler
                0x000000000800da24                TIM1_TRG_COM_TIM11_IRQHandler
                0x000000000800da24                EXTI1_IRQHandler
                0x000000000800da24                USART2_IRQHandler
                0x000000000800da24                I2C2_ER_IRQHandler
                0x000000000800da24                DMA2_Stream1_IRQHandler
                0x000000000800da24                FLASH_IRQHandler
                0x000000000800da24                DMA2_Stream4_IRQHandler
                0x000000000800da24                USART1_IRQHandler
                0x000000000800da24                OTG_FS_IRQHandler
                0x000000000800da24                SPI3_IRQHandler
                0x000000000800da24                DMA1_Stream4_IRQHandler
                0x000000000800da24                I2C1_ER_IRQHandler
                0x000000000800da24                DMA2_Stream6_IRQHandler
                0x000000000800da24                DMA1_Stream3_IRQHandler
 *fill*         0x000000000800da26        0x2 
 .text.HAL_Init
                0x000000000800da28       0x44 Drivers/STM32F4xx_HAL_Driver/Src/stm32f4xx_hal.o
                0x000000000800da28                HAL_Init
 .text.HAL_InitTick
                0x000000000800da6c       0x60 Drivers/STM32F4xx_HAL_Driver/Src/stm32f4xx_hal.o
                0x000000000800da6c                HAL_InitTick
 .text.HAL_IncTick
                0x000000000800dacc       0x28 Drivers/STM32F4xx_HAL_Driver/Src/stm32f4xx_hal.o
                0x000000000800dacc                HAL_IncTick
 .text.HAL_GetTick
                0x000000000800daf4       0x18 Drivers/STM32F4xx_HAL_Driver/Src/stm32f4xx_hal.o
                0x000000000800daf4                HAL_GetTick
 .text.HAL_Delay
                0x000000000800db0c       0x44 Drivers/STM32F4xx_HAL_Driver/Src/stm32f4xx_hal.o
                0x000000000800db0c                HAL_Delay
 .text.HAL_ADC_Init
                0x000000000800db50       0x86 Drivers/STM32F4xx_HAL_Driver/Src/stm32f4xx_hal_adc.o
                0x000000000800db50                HAL_ADC_Init
 *fill*         0x000000000800dbd6        0x2 
 .text.HAL_ADC_Start_DMA
                0x000000000800dbd8      0x1a8 Drivers/STM32F4xx_HAL_Driver/Src/stm32f4xx_hal_adc.o
                0x000000000800dbd8                HAL_ADC_Start_DMA
 .text.HAL_ADC_ConvCpltCallback
                0x000000000800dd80       0x14 Drivers/STM32F4xx_HAL_Driver/Src/stm32f4xx_hal_adc.o
                0x000000000800dd80                HAL_ADC_ConvCpltCallback
 .text.HAL_ADC_ConvHalfCpltCallback
                0x000000000800dd94       0x14 Drivers/STM32F4xx_HAL_Driver/Src/stm32f4xx_hal_adc.o
                0x000000000800dd94                HAL_ADC_ConvHalfCpltCallback
 .text.HAL_ADC_ErrorCallback
                0x000000000800dda8       0x14 Drivers/STM32F4xx_HAL_Driver/Src/stm32f4xx_hal_adc.o
                0x000000000800dda8                HAL_ADC_ErrorCallback
 .text.HAL_ADC_ConfigChannel
                0x000000000800ddbc      0x264 Drivers/STM32F4xx_HAL_Driver/Src/stm32f4xx_hal_adc.o
                0x000000000800ddbc                HAL_ADC_ConfigChannel
 .text.ADC_Init
                0x000000000800e020      0x1f8 Drivers/STM32F4xx_HAL_Driver/Src/stm32f4xx_hal_adc.o
 .text.ADC_DMAConvCplt
                0x000000000800e218       0xba Drivers/STM32F4xx_HAL_Driver/Src/stm32f4xx_hal_adc.o
 .text.ADC_DMAHalfConvCplt
                0x000000000800e2d2       0x1c Drivers/STM32F4xx_HAL_Driver/Src/stm32f4xx_hal_adc.o
 .text.ADC_DMAError
                0x000000000800e2ee       0x2e Drivers/STM32F4xx_HAL_Driver/Src/stm32f4xx_hal_adc.o
 .text.__NVIC_SetPriorityGrouping
                0x000000000800e31c       0x48 Drivers/STM32F4xx_HAL_Driver/Src/stm32f4xx_hal_cortex.o
 .text.__NVIC_GetPriorityGrouping
                0x000000000800e364       0x1c Drivers/STM32F4xx_HAL_Driver/Src/stm32f4xx_hal_cortex.o
 .text.__NVIC_EnableIRQ
                0x000000000800e380       0x3c Drivers/STM32F4xx_HAL_Driver/Src/stm32f4xx_hal_cortex.o
 .text.__NVIC_SetPriority
                0x000000000800e3bc       0x54 Drivers/STM32F4xx_HAL_Driver/Src/stm32f4xx_hal_cortex.o
 .text.NVIC_EncodePriority
                0x000000000800e410       0x66 Drivers/STM32F4xx_HAL_Driver/Src/stm32f4xx_hal_cortex.o
 *fill*         0x000000000800e476        0x2 
 .text.SysTick_Config
                0x000000000800e478       0x44 Drivers/STM32F4xx_HAL_Driver/Src/stm32f4xx_hal_cortex.o
 .text.HAL_NVIC_SetPriorityGrouping
                0x000000000800e4bc       0x16 Drivers/STM32F4xx_HAL_Driver/Src/stm32f4xx_hal_cortex.o
                0x000000000800e4bc                HAL_NVIC_SetPriorityGrouping
 .text.HAL_NVIC_SetPriority
                0x000000000800e4d2       0x38 Drivers/STM32F4xx_HAL_Driver/Src/stm32f4xx_hal_cortex.o
                0x000000000800e4d2                HAL_NVIC_SetPriority
 .text.HAL_NVIC_EnableIRQ
                0x000000000800e50a       0x1c Drivers/STM32F4xx_HAL_Driver/Src/stm32f4xx_hal_cortex.o
                0x000000000800e50a                HAL_NVIC_EnableIRQ
 .text.HAL_SYSTICK_Config
                0x000000000800e526       0x18 Drivers/STM32F4xx_HAL_Driver/Src/stm32f4xx_hal_cortex.o
                0x000000000800e526                HAL_SYSTICK_Config
 *fill*         0x000000000800e53e        0x2 
 .text.HAL_DMA_Init
                0x000000000800e540      0x15c Drivers/STM32F4xx_HAL_Driver/Src/stm32f4xx_hal_dma.o
                0x000000000800e540                HAL_DMA_Init
 .text.HAL_DMA_Start_IT
                0x000000000800e69c       0xb0 Drivers/STM32F4xx_HAL_Driver/Src/stm32f4xx_hal_dma.o
                0x000000000800e69c                HAL_DMA_Start_IT
 .text.HAL_DMA_IRQHandler
                0x000000000800e74c      0x314 Drivers/STM32F4xx_HAL_Driver/Src/stm32f4xx_hal_dma.o
                0x000000000800e74c                HAL_DMA_IRQHandler
 .text.DMA_SetConfig
                0x000000000800ea60       0x5c Drivers/STM32F4xx_HAL_Driver/Src/stm32f4xx_hal_dma.o
 .text.DMA_CalcBaseAndBitshift
                0x000000000800eabc       0x6c Drivers/STM32F4xx_HAL_Driver/Src/stm32f4xx_hal_dma.o
 .text.DMA_CheckFifoParam
                0x000000000800eb28       0xf4 Drivers/STM32F4xx_HAL_Driver/Src/stm32f4xx_hal_dma.o
 .text.HAL_FLASH_Program
                0x000000000800ec1c       0xa8 Drivers/STM32F4xx_HAL_Driver/Src/stm32f4xx_hal_flash.o
                0x000000000800ec1c                HAL_FLASH_Program
 .text.HAL_FLASH_Unlock
                0x000000000800ecc4       0x44 Drivers/STM32F4xx_HAL_Driver/Src/stm32f4xx_hal_flash.o
                0x000000000800ecc4                HAL_FLASH_Unlock
 .text.HAL_FLASH_Lock
                0x000000000800ed08       0x20 Drivers/STM32F4xx_HAL_Driver/Src/stm32f4xx_hal_flash.o
                0x000000000800ed08                HAL_FLASH_Lock
 .text.FLASH_WaitForLastOperation
                0x000000000800ed28       0x80 Drivers/STM32F4xx_HAL_Driver/Src/stm32f4xx_hal_flash.o
                0x000000000800ed28                FLASH_WaitForLastOperation
 .text.FLASH_Program_DoubleWord
                0x000000000800eda8       0x60 Drivers/STM32F4xx_HAL_Driver/Src/stm32f4xx_hal_flash.o
 .text.FLASH_Program_Word
                0x000000000800ee08       0x44 Drivers/STM32F4xx_HAL_Driver/Src/stm32f4xx_hal_flash.o
 .text.FLASH_Program_HalfWord
                0x000000000800ee4c       0x48 Drivers/STM32F4xx_HAL_Driver/Src/stm32f4xx_hal_flash.o
 .text.FLASH_Program_Byte
                0x000000000800ee94       0x44 Drivers/STM32F4xx_HAL_Driver/Src/stm32f4xx_hal_flash.o
 .text.FLASH_SetErrorCode
                0x000000000800eed8       0xcc Drivers/STM32F4xx_HAL_Driver/Src/stm32f4xx_hal_flash.o
 .text.HAL_FLASHEx_Erase
                0x000000000800efa4       0xe0 Drivers/STM32F4xx_HAL_Driver/Src/stm32f4xx_hal_flash_ex.o
                0x000000000800efa4                HAL_FLASHEx_Erase
 .text.FLASH_MassErase
                0x000000000800f084       0x48 Drivers/STM32F4xx_HAL_Driver/Src/stm32f4xx_hal_flash_ex.o
 .text.FLASH_Erase_Sector
                0x000000000800f0cc       0x90 Drivers/STM32F4xx_HAL_Driver/Src/stm32f4xx_hal_flash_ex.o
                0x000000000800f0cc                FLASH_Erase_Sector
 .text.FLASH_FlushCaches
                0x000000000800f15c       0x8c Drivers/STM32F4xx_HAL_Driver/Src/stm32f4xx_hal_flash_ex.o
                0x000000000800f15c                FLASH_FlushCaches
 .text.HAL_GPIO_Init
                0x000000000800f1e8      0x304 Drivers/STM32F4xx_HAL_Driver/Src/stm32f4xx_hal_gpio.o
                0x000000000800f1e8                HAL_GPIO_Init
 .text.HAL_GPIO_ReadPin
                0x000000000800f4ec       0x30 Drivers/STM32F4xx_HAL_Driver/Src/stm32f4xx_hal_gpio.o
                0x000000000800f4ec                HAL_GPIO_ReadPin
 .text.HAL_GPIO_WritePin
                0x000000000800f51c       0x32 Drivers/STM32F4xx_HAL_Driver/Src/stm32f4xx_hal_gpio.o
                0x000000000800f51c                HAL_GPIO_WritePin
 .text.HAL_GPIO_TogglePin
                0x000000000800f54e       0x36 Drivers/STM32F4xx_HAL_Driver/Src/stm32f4xx_hal_gpio.o
                0x000000000800f54e                HAL_GPIO_TogglePin
 .text.HAL_RCC_OscConfig
                0x000000000800f584      0x4e0 Drivers/STM32F4xx_HAL_Driver/Src/stm32f4xx_hal_rcc.o
                0x000000000800f584                HAL_RCC_OscConfig
 .text.HAL_RCC_ClockConfig
                0x000000000800fa64      0x1cc Drivers/STM32F4xx_HAL_Driver/Src/stm32f4xx_hal_rcc.o
                0x000000000800fa64                HAL_RCC_ClockConfig
 .text.HAL_RCC_GetSysClockFreq
                0x000000000800fc30      0x164 Drivers/STM32F4xx_HAL_Driver/Src/stm32f4xx_hal_rcc.o
                0x000000000800fc30                HAL_RCC_GetSysClockFreq
 .text.HAL_RCC_GetHCLKFreq
                0x000000000800fd94       0x18 Drivers/STM32F4xx_HAL_Driver/Src/stm32f4xx_hal_rcc.o
                0x000000000800fd94                HAL_RCC_GetHCLKFreq
 .text.HAL_RCC_GetPCLK1Freq
                0x000000000800fdac       0x28 Drivers/STM32F4xx_HAL_Driver/Src/stm32f4xx_hal_rcc.o
                0x000000000800fdac                HAL_RCC_GetPCLK1Freq
 .text.HAL_RCC_GetPCLK2Freq
                0x000000000800fdd4       0x28 Drivers/STM32F4xx_HAL_Driver/Src/stm32f4xx_hal_rcc.o
                0x000000000800fdd4                HAL_RCC_GetPCLK2Freq
 .text.HAL_SPI_Init
                0x000000000800fdfc       0xc8 Drivers/STM32F4xx_HAL_Driver/Src/stm32f4xx_hal_spi.o
                0x000000000800fdfc                HAL_SPI_Init
 .text.HAL_SPI_Transmit
                0x000000000800fec4      0x268 Drivers/STM32F4xx_HAL_Driver/Src/stm32f4xx_hal_spi.o
                0x000000000800fec4                HAL_SPI_Transmit
 .text.HAL_SPI_TransmitReceive_DMA
                0x000000000801012c      0x204 Drivers/STM32F4xx_HAL_Driver/Src/stm32f4xx_hal_spi.o
                0x000000000801012c                HAL_SPI_TransmitReceive_DMA
 .text.HAL_SPI_RxCpltCallback
                0x0000000008010330       0x14 Drivers/STM32F4xx_HAL_Driver/Src/stm32f4xx_hal_spi.o
                0x0000000008010330                HAL_SPI_RxCpltCallback
 .text.HAL_SPI_RxHalfCpltCallback
                0x0000000008010344       0x14 Drivers/STM32F4xx_HAL_Driver/Src/stm32f4xx_hal_spi.o
                0x0000000008010344                HAL_SPI_RxHalfCpltCallback
 .text.HAL_SPI_TxRxHalfCpltCallback
                0x0000000008010358       0x14 Drivers/STM32F4xx_HAL_Driver/Src/stm32f4xx_hal_spi.o
                0x0000000008010358                HAL_SPI_TxRxHalfCpltCallback
 .text.HAL_SPI_ErrorCallback
                0x000000000801036c       0x14 Drivers/STM32F4xx_HAL_Driver/Src/stm32f4xx_hal_spi.o
                0x000000000801036c                HAL_SPI_ErrorCallback
 .text.SPI_DMAReceiveCplt
                0x0000000008010380       0xa8 Drivers/STM32F4xx_HAL_Driver/Src/stm32f4xx_hal_spi.o
 .text.SPI_DMATransmitReceiveCplt
                0x0000000008010428       0x90 Drivers/STM32F4xx_HAL_Driver/Src/stm32f4xx_hal_spi.o
 .text.SPI_DMAHalfReceiveCplt
                0x00000000080104b8       0x1c Drivers/STM32F4xx_HAL_Driver/Src/stm32f4xx_hal_spi.o
 .text.SPI_DMAHalfTransmitReceiveCplt
                0x00000000080104d4       0x1c Drivers/STM32F4xx_HAL_Driver/Src/stm32f4xx_hal_spi.o
 .text.SPI_DMAError
                0x00000000080104f0       0x40 Drivers/STM32F4xx_HAL_Driver/Src/stm32f4xx_hal_spi.o
 .text.SPI_WaitFlagStateUntilTimeout
                0x0000000008010530       0xd4 Drivers/STM32F4xx_HAL_Driver/Src/stm32f4xx_hal_spi.o
 .text.SPI_EndRxTransaction
                0x0000000008010604       0xca Drivers/STM32F4xx_HAL_Driver/Src/stm32f4xx_hal_spi.o
 *fill*         0x00000000080106ce        0x2 
 .text.SPI_EndRxTxTransaction
                0x00000000080106d0       0x84 Drivers/STM32F4xx_HAL_Driver/Src/stm32f4xx_hal_spi.o
 .text.HAL_TIM_Base_Init
                0x0000000008010754       0x56 Drivers/STM32F4xx_HAL_Driver/Src/stm32f4xx_hal_tim.o
                0x0000000008010754                HAL_TIM_Base_Init
 .text.HAL_TIM_Base_Start_IT
                0x00000000080107aa       0x48 Drivers/STM32F4xx_HAL_Driver/Src/stm32f4xx_hal_tim.o
                0x00000000080107aa                HAL_TIM_Base_Start_IT
 *fill*         0x00000000080107f2        0x2 
 .text.HAL_TIM_OC_Start_IT
                0x00000000080107f4       0xf0 Drivers/STM32F4xx_HAL_Driver/Src/stm32f4xx_hal_tim.o
                0x00000000080107f4                HAL_TIM_OC_Start_IT
 .text.HAL_TIM_PWM_Init
                0x00000000080108e4       0x56 Drivers/STM32F4xx_HAL_Driver/Src/stm32f4xx_hal_tim.o
                0x00000000080108e4                HAL_TIM_PWM_Init
 *fill*         0x000000000801093a        0x2 
 .text.HAL_TIM_PWM_Start
                0x000000000801093c       0x64 Drivers/STM32F4xx_HAL_Driver/Src/stm32f4xx_hal_tim.o
                0x000000000801093c                HAL_TIM_PWM_Start
 .text.HAL_TIM_PWM_Stop
                0x00000000080109a0       0x98 Drivers/STM32F4xx_HAL_Driver/Src/stm32f4xx_hal_tim.o
                0x00000000080109a0                HAL_TIM_PWM_Stop
 .text.HAL_TIM_IRQHandler
                0x0000000008010a38      0x210 Drivers/STM32F4xx_HAL_Driver/Src/stm32f4xx_hal_tim.o
                0x0000000008010a38                HAL_TIM_IRQHandler
 .text.HAL_TIM_PWM_ConfigChannel
                0x0000000008010c48      0x18c Drivers/STM32F4xx_HAL_Driver/Src/stm32f4xx_hal_tim.o
                0x0000000008010c48                HAL_TIM_PWM_ConfigChannel
 .text.HAL_TIM_ConfigClockSource
                0x0000000008010dd4      0x16e Drivers/STM32F4xx_HAL_Driver/Src/stm32f4xx_hal_tim.o
                0x0000000008010dd4                HAL_TIM_ConfigClockSource
 .text.HAL_TIM_PeriodElapsedCallback
                0x0000000008010f42       0x14 Drivers/STM32F4xx_HAL_Driver/Src/stm32f4xx_hal_tim.o
                0x0000000008010f42                HAL_TIM_PeriodElapsedCallback
 .text.HAL_TIM_OC_DelayElapsedCallback
                0x0000000008010f56       0x14 Drivers/STM32F4xx_HAL_Driver/Src/stm32f4xx_hal_tim.o
                0x0000000008010f56                HAL_TIM_OC_DelayElapsedCallback
 .text.HAL_TIM_IC_CaptureCallback
                0x0000000008010f6a       0x14 Drivers/STM32F4xx_HAL_Driver/Src/stm32f4xx_hal_tim.o
                0x0000000008010f6a                HAL_TIM_IC_CaptureCallback
 .text.HAL_TIM_PWM_PulseFinishedCallback
                0x0000000008010f7e       0x14 Drivers/STM32F4xx_HAL_Driver/Src/stm32f4xx_hal_tim.o
                0x0000000008010f7e                HAL_TIM_PWM_PulseFinishedCallback
 .text.HAL_TIM_TriggerCallback
                0x0000000008010f92       0x14 Drivers/STM32F4xx_HAL_Driver/Src/stm32f4xx_hal_tim.o
                0x0000000008010f92                HAL_TIM_TriggerCallback
 *fill*         0x0000000008010fa6        0x2 
 .text.TIM_Base_SetConfig
                0x0000000008010fa8      0x100 Drivers/STM32F4xx_HAL_Driver/Src/stm32f4xx_hal_tim.o
                0x0000000008010fa8                TIM_Base_SetConfig
 .text.TIM_OC1_SetConfig
                0x00000000080110a8       0xcc Drivers/STM32F4xx_HAL_Driver/Src/stm32f4xx_hal_tim.o
 .text.TIM_OC2_SetConfig
                0x0000000008011174       0xd8 Drivers/STM32F4xx_HAL_Driver/Src/stm32f4xx_hal_tim.o
                0x0000000008011174                TIM_OC2_SetConfig
 .text.TIM_OC3_SetConfig
                0x000000000801124c       0xd4 Drivers/STM32F4xx_HAL_Driver/Src/stm32f4xx_hal_tim.o
 .text.TIM_OC4_SetConfig
                0x0000000008011320       0xa0 Drivers/STM32F4xx_HAL_Driver/Src/stm32f4xx_hal_tim.o
 .text.TIM_TI1_ConfigInputStage
                0x00000000080113c0       0x5e Drivers/STM32F4xx_HAL_Driver/Src/stm32f4xx_hal_tim.o
 .text.TIM_TI2_ConfigInputStage
                0x000000000801141e       0x60 Drivers/STM32F4xx_HAL_Driver/Src/stm32f4xx_hal_tim.o
 .text.TIM_ITRx_SetConfig
                0x000000000801147e       0x36 Drivers/STM32F4xx_HAL_Driver/Src/stm32f4xx_hal_tim.o
 .text.TIM_ETR_SetConfig
                0x00000000080114b4       0x40 Drivers/STM32F4xx_HAL_Driver/Src/stm32f4xx_hal_tim.o
                0x00000000080114b4                TIM_ETR_SetConfig
 .text.TIM_CCxChannelCmd
                0x00000000080114f4       0x4a Drivers/STM32F4xx_HAL_Driver/Src/stm32f4xx_hal_tim.o
                0x00000000080114f4                TIM_CCxChannelCmd
 *fill*         0x000000000801153e        0x2 
 .text.HAL_TIMEx_MasterConfigSynchronization
                0x0000000008011540       0xdc Drivers/STM32F4xx_HAL_Driver/Src/stm32f4xx_hal_tim_ex.o
                0x0000000008011540                HAL_TIMEx_MasterConfigSynchronization
 .text.HAL_TIMEx_CommutCallback
                0x000000000801161c       0x14 Drivers/STM32F4xx_HAL_Driver/Src/stm32f4xx_hal_tim_ex.o
                0x000000000801161c                HAL_TIMEx_CommutCallback
 .text.HAL_TIMEx_BreakCallback
                0x0000000008011630       0x14 Drivers/STM32F4xx_HAL_Driver/Src/stm32f4xx_hal_tim_ex.o
                0x0000000008011630                HAL_TIMEx_BreakCallback
 .text.HAL_UART_Init
                0x0000000008011644       0x9a Drivers/STM32F4xx_HAL_Driver/Src/stm32f4xx_hal_uart.o
                0x0000000008011644                HAL_UART_Init
 .text.HAL_UART_Transmit
                0x00000000080116de      0x132 Drivers/STM32F4xx_HAL_Driver/Src/stm32f4xx_hal_uart.o
                0x00000000080116de                HAL_UART_Transmit
 .text.UART_WaitOnFlagUntilTimeout
                0x0000000008011810       0x94 Drivers/STM32F4xx_HAL_Driver/Src/stm32f4xx_hal_uart.o
 .text.UART_SetConfig
                0x00000000080118a4      0x6f8 Drivers/STM32F4xx_HAL_Driver/Src/stm32f4xx_hal_uart.o
 .text.__errno  0x0000000008011f9c        0xc c:/st/stm32cubeide_1.3.0/stm32cubeide/plugins/com.st.stm32cube.ide.mcu.externaltools.gnu-tools-for-stm32.7-2018-q2-update.win32_1.0.0.201904181610/tools/bin/../lib/gcc/arm-none-eabi/7.3.1/../../../../arm-none-eabi/lib/thumb/v7e-m/fpv4-sp/hard\libc_nano.a(lib_a-errno.o)
                0x0000000008011f9c                __errno
 .text.__libc_init_array
                0x0000000008011fa8       0x48 c:/st/stm32cubeide_1.3.0/stm32cubeide/plugins/com.st.stm32cube.ide.mcu.externaltools.gnu-tools-for-stm32.7-2018-q2-update.win32_1.0.0.201904181610/tools/bin/../lib/gcc/arm-none-eabi/7.3.1/../../../../arm-none-eabi/lib/thumb/v7e-m/fpv4-sp/hard\libc_nano.a(lib_a-init.o)
                0x0000000008011fa8                __libc_init_array
 .text.memcpy   0x0000000008011ff0       0x16 c:/st/stm32cubeide_1.3.0/stm32cubeide/plugins/com.st.stm32cube.ide.mcu.externaltools.gnu-tools-for-stm32.7-2018-q2-update.win32_1.0.0.201904181610/tools/bin/../lib/gcc/arm-none-eabi/7.3.1/../../../../arm-none-eabi/lib/thumb/v7e-m/fpv4-sp/hard\libc_nano.a(lib_a-memcpy-stub.o)
                0x0000000008011ff0                memcpy
 .text.memset   0x0000000008012006       0x10 c:/st/stm32cubeide_1.3.0/stm32cubeide/plugins/com.st.stm32cube.ide.mcu.externaltools.gnu-tools-for-stm32.7-2018-q2-update.win32_1.0.0.201904181610/tools/bin/../lib/gcc/arm-none-eabi/7.3.1/../../../../arm-none-eabi/lib/thumb/v7e-m/fpv4-sp/hard\libc_nano.a(lib_a-memset.o)
                0x0000000008012006                memset
 .text.__cvt    0x0000000008012016       0xc2 c:/st/stm32cubeide_1.3.0/stm32cubeide/plugins/com.st.stm32cube.ide.mcu.externaltools.gnu-tools-for-stm32.7-2018-q2-update.win32_1.0.0.201904181610/tools/bin/../lib/gcc/arm-none-eabi/7.3.1/../../../../arm-none-eabi/lib/thumb/v7e-m/fpv4-sp/hard\libc_nano.a(lib_a-nano-vfprintf_float.o)
                0x0000000008012016                __cvt
 .text.__exponent
                0x00000000080120d8       0x66 c:/st/stm32cubeide_1.3.0/stm32cubeide/plugins/com.st.stm32cube.ide.mcu.externaltools.gnu-tools-for-stm32.7-2018-q2-update.win32_1.0.0.201904181610/tools/bin/../lib/gcc/arm-none-eabi/7.3.1/../../../../arm-none-eabi/lib/thumb/v7e-m/fpv4-sp/hard\libc_nano.a(lib_a-nano-vfprintf_float.o)
                0x00000000080120d8                __exponent
 *fill*         0x000000000801213e        0x2 
 .text._printf_float
                0x0000000008012140      0x480 c:/st/stm32cubeide_1.3.0/stm32cubeide/plugins/com.st.stm32cube.ide.mcu.externaltools.gnu-tools-for-stm32.7-2018-q2-update.win32_1.0.0.201904181610/tools/bin/../lib/gcc/arm-none-eabi/7.3.1/../../../../arm-none-eabi/lib/thumb/v7e-m/fpv4-sp/hard\libc_nano.a(lib_a-nano-vfprintf_float.o)
                0x0000000008012140                _printf_float
 .text._printf_common
                0x00000000080125c0       0xea c:/st/stm32cubeide_1.3.0/stm32cubeide/plugins/com.st.stm32cube.ide.mcu.externaltools.gnu-tools-for-stm32.7-2018-q2-update.win32_1.0.0.201904181610/tools/bin/../lib/gcc/arm-none-eabi/7.3.1/../../../../arm-none-eabi/lib/thumb/v7e-m/fpv4-sp/hard\libc_nano.a(lib_a-nano-vfprintf_i.o)
                0x00000000080125c0                _printf_common
 *fill*         0x00000000080126aa        0x2 
 .text._printf_i
                0x00000000080126ac      0x224 c:/st/stm32cubeide_1.3.0/stm32cubeide/plugins/com.st.stm32cube.ide.mcu.externaltools.gnu-tools-for-stm32.7-2018-q2-update.win32_1.0.0.201904181610/tools/bin/../lib/gcc/arm-none-eabi/7.3.1/../../../../arm-none-eabi/lib/thumb/v7e-m/fpv4-sp/hard\libc_nano.a(lib_a-nano-vfprintf_i.o)
                0x00000000080126ac                _printf_i
 .text.printf   0x00000000080128d0       0x30 c:/st/stm32cubeide_1.3.0/stm32cubeide/plugins/com.st.stm32cube.ide.mcu.externaltools.gnu-tools-for-stm32.7-2018-q2-update.win32_1.0.0.201904181610/tools/bin/../lib/gcc/arm-none-eabi/7.3.1/../../../../arm-none-eabi/lib/thumb/v7e-m/fpv4-sp/hard\libc_nano.a(lib_a-printf.o)
                0x00000000080128d0                iprintf
                0x00000000080128d0                printf
 .text._puts_r  0x0000000008012900       0xb8 c:/st/stm32cubeide_1.3.0/stm32cubeide/plugins/com.st.stm32cube.ide.mcu.externaltools.gnu-tools-for-stm32.7-2018-q2-update.win32_1.0.0.201904181610/tools/bin/../lib/gcc/arm-none-eabi/7.3.1/../../../../arm-none-eabi/lib/thumb/v7e-m/fpv4-sp/hard\libc_nano.a(lib_a-puts.o)
                0x0000000008012900                _puts_r
 .text.puts     0x00000000080129b8       0x10 c:/st/stm32cubeide_1.3.0/stm32cubeide/plugins/com.st.stm32cube.ide.mcu.externaltools.gnu-tools-for-stm32.7-2018-q2-update.win32_1.0.0.201904181610/tools/bin/../lib/gcc/arm-none-eabi/7.3.1/../../../../arm-none-eabi/lib/thumb/v7e-m/fpv4-sp/hard\libc_nano.a(lib_a-puts.o)
                0x00000000080129b8                puts
 .text.setbuf   0x00000000080129c8       0x10 c:/st/stm32cubeide_1.3.0/stm32cubeide/plugins/com.st.stm32cube.ide.mcu.externaltools.gnu-tools-for-stm32.7-2018-q2-update.win32_1.0.0.201904181610/tools/bin/../lib/gcc/arm-none-eabi/7.3.1/../../../../arm-none-eabi/lib/thumb/v7e-m/fpv4-sp/hard\libc_nano.a(lib_a-setbuf.o)
                0x00000000080129c8                setbuf
 .text.setvbuf  0x00000000080129d8      0x15c c:/st/stm32cubeide_1.3.0/stm32cubeide/plugins/com.st.stm32cube.ide.mcu.externaltools.gnu-tools-for-stm32.7-2018-q2-update.win32_1.0.0.201904181610/tools/bin/../lib/gcc/arm-none-eabi/7.3.1/../../../../arm-none-eabi/lib/thumb/v7e-m/fpv4-sp/hard\libc_nano.a(lib_a-setvbuf.o)
                0x00000000080129d8                setvbuf
 .text.__swbuf_r
                0x0000000008012b34       0xa4 c:/st/stm32cubeide_1.3.0/stm32cubeide/plugins/com.st.stm32cube.ide.mcu.externaltools.gnu-tools-for-stm32.7-2018-q2-update.win32_1.0.0.201904181610/tools/bin/../lib/gcc/arm-none-eabi/7.3.1/../../../../arm-none-eabi/lib/thumb/v7e-m/fpv4-sp/hard\libc_nano.a(lib_a-wbuf.o)
                0x0000000008012b34                __swbuf_r
 .text.__swsetup_r
                0x0000000008012bd8       0xdc c:/st/stm32cubeide_1.3.0/stm32cubeide/plugins/com.st.stm32cube.ide.mcu.externaltools.gnu-tools-for-stm32.7-2018-q2-update.win32_1.0.0.201904181610/tools/bin/../lib/gcc/arm-none-eabi/7.3.1/../../../../arm-none-eabi/lib/thumb/v7e-m/fpv4-sp/hard\libc_nano.a(lib_a-wsetup.o)
                0x0000000008012bd8                __swsetup_r
 .text.quorem   0x0000000008012cb4      0x118 c:/st/stm32cubeide_1.3.0/stm32cubeide/plugins/com.st.stm32cube.ide.mcu.externaltools.gnu-tools-for-stm32.7-2018-q2-update.win32_1.0.0.201904181610/tools/bin/../lib/gcc/arm-none-eabi/7.3.1/../../../../arm-none-eabi/lib/thumb/v7e-m/fpv4-sp/hard\libc_nano.a(lib_a-dtoa.o)
 *fill*         0x0000000008012dcc        0x4 
 .text._dtoa_r  0x0000000008012dd0      0xb70 c:/st/stm32cubeide_1.3.0/stm32cubeide/plugins/com.st.stm32cube.ide.mcu.externaltools.gnu-tools-for-stm32.7-2018-q2-update.win32_1.0.0.201904181610/tools/bin/../lib/gcc/arm-none-eabi/7.3.1/../../../../arm-none-eabi/lib/thumb/v7e-m/fpv4-sp/hard\libc_nano.a(lib_a-dtoa.o)
                0x0000000008012dd0                _dtoa_r
 .text.__sflush_r
                0x0000000008013940      0x10c c:/st/stm32cubeide_1.3.0/stm32cubeide/plugins/com.st.stm32cube.ide.mcu.externaltools.gnu-tools-for-stm32.7-2018-q2-update.win32_1.0.0.201904181610/tools/bin/../lib/gcc/arm-none-eabi/7.3.1/../../../../arm-none-eabi/lib/thumb/v7e-m/fpv4-sp/hard\libc_nano.a(lib_a-fflush.o)
                0x0000000008013940                __sflush_r
 .text._fflush_r
                0x0000000008013a4c       0x54 c:/st/stm32cubeide_1.3.0/stm32cubeide/plugins/com.st.stm32cube.ide.mcu.externaltools.gnu-tools-for-stm32.7-2018-q2-update.win32_1.0.0.201904181610/tools/bin/../lib/gcc/arm-none-eabi/7.3.1/../../../../arm-none-eabi/lib/thumb/v7e-m/fpv4-sp/hard\libc_nano.a(lib_a-fflush.o)
                0x0000000008013a4c                _fflush_r
 .text.std      0x0000000008013aa0       0x48 c:/st/stm32cubeide_1.3.0/stm32cubeide/plugins/com.st.stm32cube.ide.mcu.externaltools.gnu-tools-for-stm32.7-2018-q2-update.win32_1.0.0.201904181610/tools/bin/../lib/gcc/arm-none-eabi/7.3.1/../../../../arm-none-eabi/lib/thumb/v7e-m/fpv4-sp/hard\libc_nano.a(lib_a-findfp.o)
 .text._cleanup_r
                0x0000000008013ae8        0xc c:/st/stm32cubeide_1.3.0/stm32cubeide/plugins/com.st.stm32cube.ide.mcu.externaltools.gnu-tools-for-stm32.7-2018-q2-update.win32_1.0.0.201904181610/tools/bin/../lib/gcc/arm-none-eabi/7.3.1/../../../../arm-none-eabi/lib/thumb/v7e-m/fpv4-sp/hard\libc_nano.a(lib_a-findfp.o)
                0x0000000008013ae8                _cleanup_r
 .text.__sfmoreglue
                0x0000000008013af4       0x2c c:/st/stm32cubeide_1.3.0/stm32cubeide/plugins/com.st.stm32cube.ide.mcu.externaltools.gnu-tools-for-stm32.7-2018-q2-update.win32_1.0.0.201904181610/tools/bin/../lib/gcc/arm-none-eabi/7.3.1/../../../../arm-none-eabi/lib/thumb/v7e-m/fpv4-sp/hard\libc_nano.a(lib_a-findfp.o)
                0x0000000008013af4                __sfmoreglue
 .text.__sinit  0x0000000008013b20       0x60 c:/st/stm32cubeide_1.3.0/stm32cubeide/plugins/com.st.stm32cube.ide.mcu.externaltools.gnu-tools-for-stm32.7-2018-q2-update.win32_1.0.0.201904181610/tools/bin/../lib/gcc/arm-none-eabi/7.3.1/../../../../arm-none-eabi/lib/thumb/v7e-m/fpv4-sp/hard\libc_nano.a(lib_a-findfp.o)
                0x0000000008013b20                __sinit
 .text.__sfp    0x0000000008013b80       0x78 c:/st/stm32cubeide_1.3.0/stm32cubeide/plugins/com.st.stm32cube.ide.mcu.externaltools.gnu-tools-for-stm32.7-2018-q2-update.win32_1.0.0.201904181610/tools/bin/../lib/gcc/arm-none-eabi/7.3.1/../../../../arm-none-eabi/lib/thumb/v7e-m/fpv4-sp/hard\libc_nano.a(lib_a-findfp.o)
                0x0000000008013b80                __sfp
 .text._fwalk_reent
                0x0000000008013bf8       0x3c c:/st/stm32cubeide_1.3.0/stm32cubeide/plugins/com.st.stm32cube.ide.mcu.externaltools.gnu-tools-for-stm32.7-2018-q2-update.win32_1.0.0.201904181610/tools/bin/../lib/gcc/arm-none-eabi/7.3.1/../../../../arm-none-eabi/lib/thumb/v7e-m/fpv4-sp/hard\libc_nano.a(lib_a-fwalk.o)
                0x0000000008013bf8                _fwalk_reent
 .text._localeconv_r
                0x0000000008013c34       0x1c c:/st/stm32cubeide_1.3.0/stm32cubeide/plugins/com.st.stm32cube.ide.mcu.externaltools.gnu-tools-for-stm32.7-2018-q2-update.win32_1.0.0.201904181610/tools/bin/../lib/gcc/arm-none-eabi/7.3.1/../../../../arm-none-eabi/lib/thumb/v7e-m/fpv4-sp/hard\libc_nano.a(lib_a-localeconv.o)
                0x0000000008013c34                _localeconv_r
 .text.__swhatbuf_r
                0x0000000008013c50       0x48 c:/st/stm32cubeide_1.3.0/stm32cubeide/plugins/com.st.stm32cube.ide.mcu.externaltools.gnu-tools-for-stm32.7-2018-q2-update.win32_1.0.0.201904181610/tools/bin/../lib/gcc/arm-none-eabi/7.3.1/../../../../arm-none-eabi/lib/thumb/v7e-m/fpv4-sp/hard\libc_nano.a(lib_a-makebuf.o)
                0x0000000008013c50                __swhatbuf_r
 .text.__smakebuf_r
                0x0000000008013c98       0x80 c:/st/stm32cubeide_1.3.0/stm32cubeide/plugins/com.st.stm32cube.ide.mcu.externaltools.gnu-tools-for-stm32.7-2018-q2-update.win32_1.0.0.201904181610/tools/bin/../lib/gcc/arm-none-eabi/7.3.1/../../../../arm-none-eabi/lib/thumb/v7e-m/fpv4-sp/hard\libc_nano.a(lib_a-makebuf.o)
                0x0000000008013c98                __smakebuf_r
 .text.malloc   0x0000000008013d18       0x10 c:/st/stm32cubeide_1.3.0/stm32cubeide/plugins/com.st.stm32cube.ide.mcu.externaltools.gnu-tools-for-stm32.7-2018-q2-update.win32_1.0.0.201904181610/tools/bin/../lib/gcc/arm-none-eabi/7.3.1/../../../../arm-none-eabi/lib/thumb/v7e-m/fpv4-sp/hard\libc_nano.a(lib_a-malloc.o)
                0x0000000008013d18                malloc
 .text._Balloc  0x0000000008013d28       0x68 c:/st/stm32cubeide_1.3.0/stm32cubeide/plugins/com.st.stm32cube.ide.mcu.externaltools.gnu-tools-for-stm32.7-2018-q2-update.win32_1.0.0.201904181610/tools/bin/../lib/gcc/arm-none-eabi/7.3.1/../../../../arm-none-eabi/lib/thumb/v7e-m/fpv4-sp/hard\libc_nano.a(lib_a-mprec.o)
                0x0000000008013d28                _Balloc
 .text._Bfree   0x0000000008013d90       0x2e c:/st/stm32cubeide_1.3.0/stm32cubeide/plugins/com.st.stm32cube.ide.mcu.externaltools.gnu-tools-for-stm32.7-2018-q2-update.win32_1.0.0.201904181610/tools/bin/../lib/gcc/arm-none-eabi/7.3.1/../../../../arm-none-eabi/lib/thumb/v7e-m/fpv4-sp/hard\libc_nano.a(lib_a-mprec.o)
                0x0000000008013d90                _Bfree
 .text.__multadd
                0x0000000008013dbe       0x76 c:/st/stm32cubeide_1.3.0/stm32cubeide/plugins/com.st.stm32cube.ide.mcu.externaltools.gnu-tools-for-stm32.7-2018-q2-update.win32_1.0.0.201904181610/tools/bin/../lib/gcc/arm-none-eabi/7.3.1/../../../../arm-none-eabi/lib/thumb/v7e-m/fpv4-sp/hard\libc_nano.a(lib_a-mprec.o)
                0x0000000008013dbe                __multadd
 .text.__hi0bits
                0x0000000008013e34       0x3e c:/st/stm32cubeide_1.3.0/stm32cubeide/plugins/com.st.stm32cube.ide.mcu.externaltools.gnu-tools-for-stm32.7-2018-q2-update.win32_1.0.0.201904181610/tools/bin/../lib/gcc/arm-none-eabi/7.3.1/../../../../arm-none-eabi/lib/thumb/v7e-m/fpv4-sp/hard\libc_nano.a(lib_a-mprec.o)
                0x0000000008013e34                __hi0bits
 .text.__lo0bits
                0x0000000008013e72       0x5e c:/st/stm32cubeide_1.3.0/stm32cubeide/plugins/com.st.stm32cube.ide.mcu.externaltools.gnu-tools-for-stm32.7-2018-q2-update.win32_1.0.0.201904181610/tools/bin/../lib/gcc/arm-none-eabi/7.3.1/../../../../arm-none-eabi/lib/thumb/v7e-m/fpv4-sp/hard\libc_nano.a(lib_a-mprec.o)
                0x0000000008013e72                __lo0bits
 .text.__i2b    0x0000000008013ed0       0x12 c:/st/stm32cubeide_1.3.0/stm32cubeide/plugins/com.st.stm32cube.ide.mcu.externaltools.gnu-tools-for-stm32.7-2018-q2-update.win32_1.0.0.201904181610/tools/bin/../lib/gcc/arm-none-eabi/7.3.1/../../../../arm-none-eabi/lib/thumb/v7e-m/fpv4-sp/hard\libc_nano.a(lib_a-mprec.o)
                0x0000000008013ed0                __i2b
 .text.__multiply
                0x0000000008013ee2      0x12c c:/st/stm32cubeide_1.3.0/stm32cubeide/plugins/com.st.stm32cube.ide.mcu.externaltools.gnu-tools-for-stm32.7-2018-q2-update.win32_1.0.0.201904181610/tools/bin/../lib/gcc/arm-none-eabi/7.3.1/../../../../arm-none-eabi/lib/thumb/v7e-m/fpv4-sp/hard\libc_nano.a(lib_a-mprec.o)
                0x0000000008013ee2                __multiply
 *fill*         0x000000000801400e        0x2 
 .text.__pow5mult
                0x0000000008014010       0x9c c:/st/stm32cubeide_1.3.0/stm32cubeide/plugins/com.st.stm32cube.ide.mcu.externaltools.gnu-tools-for-stm32.7-2018-q2-update.win32_1.0.0.201904181610/tools/bin/../lib/gcc/arm-none-eabi/7.3.1/../../../../arm-none-eabi/lib/thumb/v7e-m/fpv4-sp/hard\libc_nano.a(lib_a-mprec.o)
                0x0000000008014010                __pow5mult
 .text.__lshift
                0x00000000080140ac       0xa8 c:/st/stm32cubeide_1.3.0/stm32cubeide/plugins/com.st.stm32cube.ide.mcu.externaltools.gnu-tools-for-stm32.7-2018-q2-update.win32_1.0.0.201904181610/tools/bin/../lib/gcc/arm-none-eabi/7.3.1/../../../../arm-none-eabi/lib/thumb/v7e-m/fpv4-sp/hard\libc_nano.a(lib_a-mprec.o)
                0x00000000080140ac                __lshift
 .text.__mcmp   0x0000000008014154       0x34 c:/st/stm32cubeide_1.3.0/stm32cubeide/plugins/com.st.stm32cube.ide.mcu.externaltools.gnu-tools-for-stm32.7-2018-q2-update.win32_1.0.0.201904181610/tools/bin/../lib/gcc/arm-none-eabi/7.3.1/../../../../arm-none-eabi/lib/thumb/v7e-m/fpv4-sp/hard\libc_nano.a(lib_a-mprec.o)
                0x0000000008014154                __mcmp
 .text.__mdiff  0x0000000008014188       0xba c:/st/stm32cubeide_1.3.0/stm32cubeide/plugins/com.st.stm32cube.ide.mcu.externaltools.gnu-tools-for-stm32.7-2018-q2-update.win32_1.0.0.201904181610/tools/bin/../lib/gcc/arm-none-eabi/7.3.1/../../../../arm-none-eabi/lib/thumb/v7e-m/fpv4-sp/hard\libc_nano.a(lib_a-mprec.o)
                0x0000000008014188                __mdiff
 .text.__d2b    0x0000000008014242       0x9e c:/st/stm32cubeide_1.3.0/stm32cubeide/plugins/com.st.stm32cube.ide.mcu.externaltools.gnu-tools-for-stm32.7-2018-q2-update.win32_1.0.0.201904181610/tools/bin/../lib/gcc/arm-none-eabi/7.3.1/../../../../arm-none-eabi/lib/thumb/v7e-m/fpv4-sp/hard\libc_nano.a(lib_a-mprec.o)
                0x0000000008014242                __d2b
 .text._calloc_r
                0x00000000080142e0       0x1c c:/st/stm32cubeide_1.3.0/stm32cubeide/plugins/com.st.stm32cube.ide.mcu.externaltools.gnu-tools-for-stm32.7-2018-q2-update.win32_1.0.0.201904181610/tools/bin/../lib/gcc/arm-none-eabi/7.3.1/../../../../arm-none-eabi/lib/thumb/v7e-m/fpv4-sp/hard\libc_nano.a(lib_a-nano-callocr.o)
                0x00000000080142e0                _calloc_r
 .text._free_r  0x00000000080142fc       0x9c c:/st/stm32cubeide_1.3.0/stm32cubeide/plugins/com.st.stm32cube.ide.mcu.externaltools.gnu-tools-for-stm32.7-2018-q2-update.win32_1.0.0.201904181610/tools/bin/../lib/gcc/arm-none-eabi/7.3.1/../../../../arm-none-eabi/lib/thumb/v7e-m/fpv4-sp/hard\libc_nano.a(lib_a-nano-freer.o)
                0x00000000080142fc                _free_r
 .text._malloc_r
                0x0000000008014398       0xb4 c:/st/stm32cubeide_1.3.0/stm32cubeide/plugins/com.st.stm32cube.ide.mcu.externaltools.gnu-tools-for-stm32.7-2018-q2-update.win32_1.0.0.201904181610/tools/bin/../lib/gcc/arm-none-eabi/7.3.1/../../../../arm-none-eabi/lib/thumb/v7e-m/fpv4-sp/hard\libc_nano.a(lib_a-nano-mallocr.o)
                0x0000000008014398                _malloc_r
 .text.__sfputc_r
                0x000000000801444c       0x2e c:/st/stm32cubeide_1.3.0/stm32cubeide/plugins/com.st.stm32cube.ide.mcu.externaltools.gnu-tools-for-stm32.7-2018-q2-update.win32_1.0.0.201904181610/tools/bin/../lib/gcc/arm-none-eabi/7.3.1/../../../../arm-none-eabi/lib/thumb/v7e-m/fpv4-sp/hard\libc_nano.a(lib_a-nano-vfprintf.o)
 .text.__sfputs_r
                0x000000000801447a       0x24 c:/st/stm32cubeide_1.3.0/stm32cubeide/plugins/com.st.stm32cube.ide.mcu.externaltools.gnu-tools-for-stm32.7-2018-q2-update.win32_1.0.0.201904181610/tools/bin/../lib/gcc/arm-none-eabi/7.3.1/../../../../arm-none-eabi/lib/thumb/v7e-m/fpv4-sp/hard\libc_nano.a(lib_a-nano-vfprintf.o)
                0x000000000801447a                __sfputs_r
 *fill*         0x000000000801449e        0x2 
 .text._vfprintf_r
                0x00000000080144a0      0x22c c:/st/stm32cubeide_1.3.0/stm32cubeide/plugins/com.st.stm32cube.ide.mcu.externaltools.gnu-tools-for-stm32.7-2018-q2-update.win32_1.0.0.201904181610/tools/bin/../lib/gcc/arm-none-eabi/7.3.1/../../../../arm-none-eabi/lib/thumb/v7e-m/fpv4-sp/hard\libc_nano.a(lib_a-nano-vfprintf.o)
                0x00000000080144a0                _vfprintf_r
                0x00000000080144a0                _vfiprintf_r
 .text._sbrk_r  0x00000000080146cc       0x20 c:/st/stm32cubeide_1.3.0/stm32cubeide/plugins/com.st.stm32cube.ide.mcu.externaltools.gnu-tools-for-stm32.7-2018-q2-update.win32_1.0.0.201904181610/tools/bin/../lib/gcc/arm-none-eabi/7.3.1/../../../../arm-none-eabi/lib/thumb/v7e-m/fpv4-sp/hard\libc_nano.a(lib_a-sbrkr.o)
                0x00000000080146cc                _sbrk_r
 .text.__sread  0x00000000080146ec       0x22 c:/st/stm32cubeide_1.3.0/stm32cubeide/plugins/com.st.stm32cube.ide.mcu.externaltools.gnu-tools-for-stm32.7-2018-q2-update.win32_1.0.0.201904181610/tools/bin/../lib/gcc/arm-none-eabi/7.3.1/../../../../arm-none-eabi/lib/thumb/v7e-m/fpv4-sp/hard\libc_nano.a(lib_a-stdio.o)
                0x00000000080146ec                __sread
 .text.__swrite
                0x000000000801470e       0x38 c:/st/stm32cubeide_1.3.0/stm32cubeide/plugins/com.st.stm32cube.ide.mcu.externaltools.gnu-tools-for-stm32.7-2018-q2-update.win32_1.0.0.201904181610/tools/bin/../lib/gcc/arm-none-eabi/7.3.1/../../../../arm-none-eabi/lib/thumb/v7e-m/fpv4-sp/hard\libc_nano.a(lib_a-stdio.o)
                0x000000000801470e                __swrite
 .text.__sseek  0x0000000008014746       0x24 c:/st/stm32cubeide_1.3.0/stm32cubeide/plugins/com.st.stm32cube.ide.mcu.externaltools.gnu-tools-for-stm32.7-2018-q2-update.win32_1.0.0.201904181610/tools/bin/../lib/gcc/arm-none-eabi/7.3.1/../../../../arm-none-eabi/lib/thumb/v7e-m/fpv4-sp/hard\libc_nano.a(lib_a-stdio.o)
                0x0000000008014746                __sseek
 .text.__sclose
                0x000000000801476a        0x8 c:/st/stm32cubeide_1.3.0/stm32cubeide/plugins/com.st.stm32cube.ide.mcu.externaltools.gnu-tools-for-stm32.7-2018-q2-update.win32_1.0.0.201904181610/tools/bin/../lib/gcc/arm-none-eabi/7.3.1/../../../../arm-none-eabi/lib/thumb/v7e-m/fpv4-sp/hard\libc_nano.a(lib_a-stdio.o)
                0x000000000801476a                __sclose
 *fill*         0x0000000008014772        0x2 
 .text._write_r
                0x0000000008014774       0x24 c:/st/stm32cubeide_1.3.0/stm32cubeide/plugins/com.st.stm32cube.ide.mcu.externaltools.gnu-tools-for-stm32.7-2018-q2-update.win32_1.0.0.201904181610/tools/bin/../lib/gcc/arm-none-eabi/7.3.1/../../../../arm-none-eabi/lib/thumb/v7e-m/fpv4-sp/hard\libc_nano.a(lib_a-writer.o)
                0x0000000008014774                _write_r
 .text._close_r
                0x0000000008014798       0x20 c:/st/stm32cubeide_1.3.0/stm32cubeide/plugins/com.st.stm32cube.ide.mcu.externaltools.gnu-tools-for-stm32.7-2018-q2-update.win32_1.0.0.201904181610/tools/bin/../lib/gcc/arm-none-eabi/7.3.1/../../../../arm-none-eabi/lib/thumb/v7e-m/fpv4-sp/hard\libc_nano.a(lib_a-closer.o)
                0x0000000008014798                _close_r
 .text._fstat_r
                0x00000000080147b8       0x24 c:/st/stm32cubeide_1.3.0/stm32cubeide/plugins/com.st.stm32cube.ide.mcu.externaltools.gnu-tools-for-stm32.7-2018-q2-update.win32_1.0.0.201904181610/tools/bin/../lib/gcc/arm-none-eabi/7.3.1/../../../../arm-none-eabi/lib/thumb/v7e-m/fpv4-sp/hard\libc_nano.a(lib_a-fstatr.o)
                0x00000000080147b8                _fstat_r
 .text._isatty_r
                0x00000000080147dc       0x20 c:/st/stm32cubeide_1.3.0/stm32cubeide/plugins/com.st.stm32cube.ide.mcu.externaltools.gnu-tools-for-stm32.7-2018-q2-update.win32_1.0.0.201904181610/tools/bin/../lib/gcc/arm-none-eabi/7.3.1/../../../../arm-none-eabi/lib/thumb/v7e-m/fpv4-sp/hard\libc_nano.a(lib_a-isattyr.o)
                0x00000000080147dc                _isatty_r
 .text._lseek_r
                0x00000000080147fc       0x24 c:/st/stm32cubeide_1.3.0/stm32cubeide/plugins/com.st.stm32cube.ide.mcu.externaltools.gnu-tools-for-stm32.7-2018-q2-update.win32_1.0.0.201904181610/tools/bin/../lib/gcc/arm-none-eabi/7.3.1/../../../../arm-none-eabi/lib/thumb/v7e-m/fpv4-sp/hard\libc_nano.a(lib_a-lseekr.o)
                0x00000000080147fc                _lseek_r
 .text.__ascii_mbtowc
                0x0000000008014820       0x24 c:/st/stm32cubeide_1.3.0/stm32cubeide/plugins/com.st.stm32cube.ide.mcu.externaltools.gnu-tools-for-stm32.7-2018-q2-update.win32_1.0.0.201904181610/tools/bin/../lib/gcc/arm-none-eabi/7.3.1/../../../../arm-none-eabi/lib/thumb/v7e-m/fpv4-sp/hard\libc_nano.a(lib_a-mbtowc_r.o)
                0x0000000008014820                __ascii_mbtowc
 .text.__malloc_lock
                0x0000000008014844        0x2 c:/st/stm32cubeide_1.3.0/stm32cubeide/plugins/com.st.stm32cube.ide.mcu.externaltools.gnu-tools-for-stm32.7-2018-q2-update.win32_1.0.0.201904181610/tools/bin/../lib/gcc/arm-none-eabi/7.3.1/../../../../arm-none-eabi/lib/thumb/v7e-m/fpv4-sp/hard\libc_nano.a(lib_a-mlock.o)
                0x0000000008014844                __malloc_lock
 .text.__malloc_unlock
                0x0000000008014846        0x2 c:/st/stm32cubeide_1.3.0/stm32cubeide/plugins/com.st.stm32cube.ide.mcu.externaltools.gnu-tools-for-stm32.7-2018-q2-update.win32_1.0.0.201904181610/tools/bin/../lib/gcc/arm-none-eabi/7.3.1/../../../../arm-none-eabi/lib/thumb/v7e-m/fpv4-sp/hard\libc_nano.a(lib_a-mlock.o)
                0x0000000008014846                __malloc_unlock
 .text._read_r  0x0000000008014848       0x24 c:/st/stm32cubeide_1.3.0/stm32cubeide/plugins/com.st.stm32cube.ide.mcu.externaltools.gnu-tools-for-stm32.7-2018-q2-update.win32_1.0.0.201904181610/tools/bin/../lib/gcc/arm-none-eabi/7.3.1/../../../../arm-none-eabi/lib/thumb/v7e-m/fpv4-sp/hard\libc_nano.a(lib_a-readr.o)
                0x0000000008014848                _read_r
 .text.__ascii_wctomb
                0x000000000801486c       0x1a c:/st/stm32cubeide_1.3.0/stm32cubeide/plugins/com.st.stm32cube.ide.mcu.externaltools.gnu-tools-for-stm32.7-2018-q2-update.win32_1.0.0.201904181610/tools/bin/../lib/gcc/arm-none-eabi/7.3.1/../../../../arm-none-eabi/lib/thumb/v7e-m/fpv4-sp/hard\libc_nano.a(lib_a-wctomb_r.o)
                0x000000000801486c                __ascii_wctomb
 *(.glue_7)
 .glue_7        0x0000000008014886        0x0 linker stubs
 *(.glue_7t)
 .glue_7t       0x0000000008014886        0x0 linker stubs
 *(.eh_frame)
 *fill*         0x0000000008014886        0x2 
 .eh_frame      0x0000000008014888        0x0 c:/st/stm32cubeide_1.3.0/stm32cubeide/plugins/com.st.stm32cube.ide.mcu.externaltools.gnu-tools-for-stm32.7-2018-q2-update.win32_1.0.0.201904181610/tools/bin/../lib/gcc/arm-none-eabi/7.3.1/thumb/v7e-m/fpv4-sp/hard/crtbegin.o
 *(.init)
 .init          0x0000000008014888        0x4 c:/st/stm32cubeide_1.3.0/stm32cubeide/plugins/com.st.stm32cube.ide.mcu.externaltools.gnu-tools-for-stm32.7-2018-q2-update.win32_1.0.0.201904181610/tools/bin/../lib/gcc/arm-none-eabi/7.3.1/thumb/v7e-m/fpv4-sp/hard/crti.o
                0x0000000008014888                _init
 .init          0x000000000801488c        0x8 c:/st/stm32cubeide_1.3.0/stm32cubeide/plugins/com.st.stm32cube.ide.mcu.externaltools.gnu-tools-for-stm32.7-2018-q2-update.win32_1.0.0.201904181610/tools/bin/../lib/gcc/arm-none-eabi/7.3.1/thumb/v7e-m/fpv4-sp/hard/crtn.o
 *(.fini)
 .fini          0x0000000008014894        0x4 c:/st/stm32cubeide_1.3.0/stm32cubeide/plugins/com.st.stm32cube.ide.mcu.externaltools.gnu-tools-for-stm32.7-2018-q2-update.win32_1.0.0.201904181610/tools/bin/../lib/gcc/arm-none-eabi/7.3.1/thumb/v7e-m/fpv4-sp/hard/crti.o
                0x0000000008014894                _fini
 .fini          0x0000000008014898        0x8 c:/st/stm32cubeide_1.3.0/stm32cubeide/plugins/com.st.stm32cube.ide.mcu.externaltools.gnu-tools-for-stm32.7-2018-q2-update.win32_1.0.0.201904181610/tools/bin/../lib/gcc/arm-none-eabi/7.3.1/thumb/v7e-m/fpv4-sp/hard/crtn.o
                0x00000000080148a0                . = ALIGN (0x4)
                0x00000000080148a0                _etext = .

.vfp11_veneer   0x00000000080148a0        0x0
 .vfp11_veneer  0x00000000080148a0        0x0 linker stubs

.v4_bx          0x00000000080148a0        0x0
 .v4_bx         0x00000000080148a0        0x0 linker stubs

.iplt           0x00000000080148a0        0x0
 .iplt          0x00000000080148a0        0x0 c:/st/stm32cubeide_1.3.0/stm32cubeide/plugins/com.st.stm32cube.ide.mcu.externaltools.gnu-tools-for-stm32.7-2018-q2-update.win32_1.0.0.201904181610/tools/bin/../lib/gcc/arm-none-eabi/7.3.1/thumb/v7e-m/fpv4-sp/hard/crtbegin.o

.rodata         0x00000000080148a0      0x4c8
                0x00000000080148a0                . = ALIGN (0x4)
 *(.rodata)
 .rodata        0x00000000080148a0      0x17e Core/Src/interface.o
 *fill*         0x0000000008014a1e        0x2 
 .rodata        0x0000000008014a20       0x64 Core/Src/main.o
 *(.rodata*)
 .rodata.AHBPrescTable
                0x0000000008014a84       0x10 Core/Src/system_stm32f4xx.o
                0x0000000008014a84                AHBPrescTable
 .rodata.APBPrescTable
                0x0000000008014a94        0x8 Core/Src/system_stm32f4xx.o
                0x0000000008014a94                APBPrescTable
 .rodata.flagBitshiftOffset.8217
                0x0000000008014a9c        0x8 Drivers/STM32F4xx_HAL_Driver/Src/stm32f4xx_hal_dma.o
 .rodata._global_impure_ptr
                0x0000000008014aa4        0x4 c:/st/stm32cubeide_1.3.0/stm32cubeide/plugins/com.st.stm32cube.ide.mcu.externaltools.gnu-tools-for-stm32.7-2018-q2-update.win32_1.0.0.201904181610/tools/bin/../lib/gcc/arm-none-eabi/7.3.1/../../../../arm-none-eabi/lib/thumb/v7e-m/fpv4-sp/hard\libc_nano.a(lib_a-impure.o)
                0x0000000008014aa4                _global_impure_ptr
 .rodata._printf_float.str1.1
                0x0000000008014aa8       0x12 c:/st/stm32cubeide_1.3.0/stm32cubeide/plugins/com.st.stm32cube.ide.mcu.externaltools.gnu-tools-for-stm32.7-2018-q2-update.win32_1.0.0.201904181610/tools/bin/../lib/gcc/arm-none-eabi/7.3.1/../../../../arm-none-eabi/lib/thumb/v7e-m/fpv4-sp/hard\libc_nano.a(lib_a-nano-vfprintf_float.o)
 .rodata._printf_i.str1.1
                0x0000000008014aba       0x22 c:/st/stm32cubeide_1.3.0/stm32cubeide/plugins/com.st.stm32cube.ide.mcu.externaltools.gnu-tools-for-stm32.7-2018-q2-update.win32_1.0.0.201904181610/tools/bin/../lib/gcc/arm-none-eabi/7.3.1/../../../../arm-none-eabi/lib/thumb/v7e-m/fpv4-sp/hard\libc_nano.a(lib_a-nano-vfprintf_i.o)
 .rodata._dtoa_r.str1.1
                0x0000000008014adc        0xd c:/st/stm32cubeide_1.3.0/stm32cubeide/plugins/com.st.stm32cube.ide.mcu.externaltools.gnu-tools-for-stm32.7-2018-q2-update.win32_1.0.0.201904181610/tools/bin/../lib/gcc/arm-none-eabi/7.3.1/../../../../arm-none-eabi/lib/thumb/v7e-m/fpv4-sp/hard\libc_nano.a(lib_a-dtoa.o)
                                          0xf (size before relaxing)
 *fill*         0x0000000008014ae9        0x3 
 .rodata.__sf_fake_stderr
                0x0000000008014aec       0x20 c:/st/stm32cubeide_1.3.0/stm32cubeide/plugins/com.st.stm32cube.ide.mcu.externaltools.gnu-tools-for-stm32.7-2018-q2-update.win32_1.0.0.201904181610/tools/bin/../lib/gcc/arm-none-eabi/7.3.1/../../../../arm-none-eabi/lib/thumb/v7e-m/fpv4-sp/hard\libc_nano.a(lib_a-findfp.o)
                0x0000000008014aec                __sf_fake_stderr
 .rodata.__sf_fake_stdin
                0x0000000008014b0c       0x20 c:/st/stm32cubeide_1.3.0/stm32cubeide/plugins/com.st.stm32cube.ide.mcu.externaltools.gnu-tools-for-stm32.7-2018-q2-update.win32_1.0.0.201904181610/tools/bin/../lib/gcc/arm-none-eabi/7.3.1/../../../../arm-none-eabi/lib/thumb/v7e-m/fpv4-sp/hard\libc_nano.a(lib_a-findfp.o)
                0x0000000008014b0c                __sf_fake_stdin
 .rodata.__sf_fake_stdout
                0x0000000008014b2c       0x20 c:/st/stm32cubeide_1.3.0/stm32cubeide/plugins/com.st.stm32cube.ide.mcu.externaltools.gnu-tools-for-stm32.7-2018-q2-update.win32_1.0.0.201904181610/tools/bin/../lib/gcc/arm-none-eabi/7.3.1/../../../../arm-none-eabi/lib/thumb/v7e-m/fpv4-sp/hard\libc_nano.a(lib_a-findfp.o)
                0x0000000008014b2c                __sf_fake_stdout
 *fill*         0x0000000008014b4c        0x4 
 .rodata.__mprec_bigtens
                0x0000000008014b50       0x28 c:/st/stm32cubeide_1.3.0/stm32cubeide/plugins/com.st.stm32cube.ide.mcu.externaltools.gnu-tools-for-stm32.7-2018-q2-update.win32_1.0.0.201904181610/tools/bin/../lib/gcc/arm-none-eabi/7.3.1/../../../../arm-none-eabi/lib/thumb/v7e-m/fpv4-sp/hard\libc_nano.a(lib_a-mprec.o)
                0x0000000008014b50                __mprec_bigtens
 .rodata.__mprec_tens
                0x0000000008014b78       0xc8 c:/st/stm32cubeide_1.3.0/stm32cubeide/plugins/com.st.stm32cube.ide.mcu.externaltools.gnu-tools-for-stm32.7-2018-q2-update.win32_1.0.0.201904181610/tools/bin/../lib/gcc/arm-none-eabi/7.3.1/../../../../arm-none-eabi/lib/thumb/v7e-m/fpv4-sp/hard\libc_nano.a(lib_a-mprec.o)
                0x0000000008014b78                __mprec_tens
 .rodata.p05.7359
                0x0000000008014c40        0xc c:/st/stm32cubeide_1.3.0/stm32cubeide/plugins/com.st.stm32cube.ide.mcu.externaltools.gnu-tools-for-stm32.7-2018-q2-update.win32_1.0.0.201904181610/tools/bin/../lib/gcc/arm-none-eabi/7.3.1/../../../../arm-none-eabi/lib/thumb/v7e-m/fpv4-sp/hard\libc_nano.a(lib_a-mprec.o)
 .rodata._vfprintf_r.str1.1
                0x0000000008014c4c       0x11 c:/st/stm32cubeide_1.3.0/stm32cubeide/plugins/com.st.stm32cube.ide.mcu.externaltools.gnu-tools-for-stm32.7-2018-q2-update.win32_1.0.0.201904181610/tools/bin/../lib/gcc/arm-none-eabi/7.3.1/../../../../arm-none-eabi/lib/thumb/v7e-m/fpv4-sp/hard\libc_nano.a(lib_a-nano-vfprintf.o)
 .rodata._setlocale_r.str1.1
                0x0000000008014c5d        0x8 c:/st/stm32cubeide_1.3.0/stm32cubeide/plugins/com.st.stm32cube.ide.mcu.externaltools.gnu-tools-for-stm32.7-2018-q2-update.win32_1.0.0.201904181610/tools/bin/../lib/gcc/arm-none-eabi/7.3.1/../../../../arm-none-eabi/lib/thumb/v7e-m/fpv4-sp/hard\libc_nano.a(lib_a-locale.o)
                                          0x9 (size before relaxing)
 .rodata.str1.1
                0x0000000008014c65        0x2 c:/st/stm32cubeide_1.3.0/stm32cubeide/plugins/com.st.stm32cube.ide.mcu.externaltools.gnu-tools-for-stm32.7-2018-q2-update.win32_1.0.0.201904181610/tools/bin/../lib/gcc/arm-none-eabi/7.3.1/../../../../arm-none-eabi/lib/thumb/v7e-m/fpv4-sp/hard\libc_nano.a(lib_a-locale.o)
 .rodata._ctype_
                0x0000000008014c67      0x101 c:/st/stm32cubeide_1.3.0/stm32cubeide/plugins/com.st.stm32cube.ide.mcu.externaltools.gnu-tools-for-stm32.7-2018-q2-update.win32_1.0.0.201904181610/tools/bin/../lib/gcc/arm-none-eabi/7.3.1/../../../../arm-none-eabi/lib/thumb/v7e-m/fpv4-sp/hard\libc_nano.a(lib_a-ctype_.o)
                0x0000000008014c67                _ctype_
                0x0000000008014d68                . = ALIGN (0x4)

.ARM.extab      0x0000000008014d68        0x0
                0x0000000008014d68                . = ALIGN (0x4)
 *(.ARM.extab* .gnu.linkonce.armextab.*)
                0x0000000008014d68                . = ALIGN (0x4)

.ARM            0x0000000008014d68        0x8
                0x0000000008014d68                . = ALIGN (0x4)
                0x0000000008014d68                __exidx_start = .
 *(.ARM.exidx*)
 .ARM.exidx     0x0000000008014d68        0x8 c:/st/stm32cubeide_1.3.0/stm32cubeide/plugins/com.st.stm32cube.ide.mcu.externaltools.gnu-tools-for-stm32.7-2018-q2-update.win32_1.0.0.201904181610/tools/bin/../lib/gcc/arm-none-eabi/7.3.1/thumb/v7e-m/fpv4-sp/hard\libgcc.a(_udivmoddi4.o)
                0x0000000008014d70                __exidx_end = .
                0x0000000008014d70                . = ALIGN (0x4)

.rel.dyn        0x0000000008014d70        0x0
 .rel.iplt      0x0000000008014d70        0x0 c:/st/stm32cubeide_1.3.0/stm32cubeide/plugins/com.st.stm32cube.ide.mcu.externaltools.gnu-tools-for-stm32.7-2018-q2-update.win32_1.0.0.201904181610/tools/bin/../lib/gcc/arm-none-eabi/7.3.1/thumb/v7e-m/fpv4-sp/hard/crtbegin.o

.preinit_array  0x0000000008014d70        0x0
                0x0000000008014d70                . = ALIGN (0x4)
                0x0000000008014d70                PROVIDE (__preinit_array_start = .)
 *(.preinit_array*)
                0x0000000008014d70                PROVIDE (__preinit_array_end = .)
                0x0000000008014d70                . = ALIGN (0x4)

.init_array     0x0000000008014d70        0x4
                0x0000000008014d70                . = ALIGN (0x4)
                0x0000000008014d70                PROVIDE (__init_array_start = .)
 *(SORT_BY_NAME(.init_array.*))
 *(.init_array*)
 .init_array    0x0000000008014d70        0x4 c:/st/stm32cubeide_1.3.0/stm32cubeide/plugins/com.st.stm32cube.ide.mcu.externaltools.gnu-tools-for-stm32.7-2018-q2-update.win32_1.0.0.201904181610/tools/bin/../lib/gcc/arm-none-eabi/7.3.1/thumb/v7e-m/fpv4-sp/hard/crtbegin.o
                0x0000000008014d74                PROVIDE (__init_array_end = .)
                0x0000000008014d74                . = ALIGN (0x4)

.fini_array     0x0000000008014d74        0x4
                0x0000000008014d74                . = ALIGN (0x4)
                [!provide]                        PROVIDE (__fini_array_start = .)
 *(SORT_BY_NAME(.fini_array.*))
 *(.fini_array*)
 .fini_array    0x0000000008014d74        0x4 c:/st/stm32cubeide_1.3.0/stm32cubeide/plugins/com.st.stm32cube.ide.mcu.externaltools.gnu-tools-for-stm32.7-2018-q2-update.win32_1.0.0.201904181610/tools/bin/../lib/gcc/arm-none-eabi/7.3.1/thumb/v7e-m/fpv4-sp/hard/crtbegin.o
                [!provide]                        PROVIDE (__fini_array_end = .)
                0x0000000008014d78                . = ALIGN (0x4)
                0x0000000008014d78                _sidata = LOADADDR (.data)

.data           0x0000000020000000      0x1e0 load address 0x0000000008014d78
                0x0000000020000000                . = ALIGN (0x4)
                0x0000000020000000                _sdata = .
 *(.data)
 *(.data*)
 .data.imu_address
                0x0000000020000000        0x1 Core/Src/myspi.o
 *fill*         0x0000000020000001        0x3 
 .data.SystemCoreClock
                0x0000000020000004        0x4 Core/Src/system_stm32f4xx.o
                0x0000000020000004                SystemCoreClock
 .data.uwTickPrio
                0x0000000020000008        0x4 Drivers/STM32F4xx_HAL_Driver/Src/stm32f4xx_hal.o
                0x0000000020000008                uwTickPrio
 .data.uwTickFreq
                0x000000002000000c        0x1 Drivers/STM32F4xx_HAL_Driver/Src/stm32f4xx_hal.o
                0x000000002000000c                uwTickFreq
 *fill*         0x000000002000000d        0x3 
 .data._impure_ptr
                0x0000000020000010        0x4 c:/st/stm32cubeide_1.3.0/stm32cubeide/plugins/com.st.stm32cube.ide.mcu.externaltools.gnu-tools-for-stm32.7-2018-q2-update.win32_1.0.0.201904181610/tools/bin/../lib/gcc/arm-none-eabi/7.3.1/../../../../arm-none-eabi/lib/thumb/v7e-m/fpv4-sp/hard\libc_nano.a(lib_a-impure.o)
                0x0000000020000010                _impure_ptr
 .data.impure_data
                0x0000000020000014       0x60 c:/st/stm32cubeide_1.3.0/stm32cubeide/plugins/com.st.stm32cube.ide.mcu.externaltools.gnu-tools-for-stm32.7-2018-q2-update.win32_1.0.0.201904181610/tools/bin/../lib/gcc/arm-none-eabi/7.3.1/../../../../arm-none-eabi/lib/thumb/v7e-m/fpv4-sp/hard\libc_nano.a(lib_a-impure.o)
 .data.__global_locale
                0x0000000020000074      0x16c c:/st/stm32cubeide_1.3.0/stm32cubeide/plugins/com.st.stm32cube.ide.mcu.externaltools.gnu-tools-for-stm32.7-2018-q2-update.win32_1.0.0.201904181610/tools/bin/../lib/gcc/arm-none-eabi/7.3.1/../../../../arm-none-eabi/lib/thumb/v7e-m/fpv4-sp/hard\libc_nano.a(lib_a-locale.o)
                0x0000000020000074                __global_locale
                0x00000000200001e0                . = ALIGN (0x4)
                0x00000000200001e0                _edata = .

.igot.plt       0x00000000200001e0        0x0 load address 0x0000000008014f58
 .igot.plt      0x00000000200001e0        0x0 c:/st/stm32cubeide_1.3.0/stm32cubeide/plugins/com.st.stm32cube.ide.mcu.externaltools.gnu-tools-for-stm32.7-2018-q2-update.win32_1.0.0.201904181610/tools/bin/../lib/gcc/arm-none-eabi/7.3.1/thumb/v7e-m/fpv4-sp/hard/crtbegin.o
                0x00000000200001e0                . = ALIGN (0x4)

.bss            0x00000000200001e0    0x1249c load address 0x0000000008014f58
                0x00000000200001e0                _sbss = .
                0x00000000200001e0                __bss_start__ = _sbss
 *(.bss)
 .bss           0x00000000200001e0       0x1c c:/st/stm32cubeide_1.3.0/stm32cubeide/plugins/com.st.stm32cube.ide.mcu.externaltools.gnu-tools-for-stm32.7-2018-q2-update.win32_1.0.0.201904181610/tools/bin/../lib/gcc/arm-none-eabi/7.3.1/thumb/v7e-m/fpv4-sp/hard/crtbegin.o
 *(.bss*)
 .bss.i.9983    0x00000000200001fc        0x4 Core/Src/ir_sensors.o
 .bss.imu_value
                0x0000000020000200        0xd Core/Src/myspi.o
 *fill*         0x000000002000020d        0x3 
 .bss.renc_address
                0x0000000020000210        0x2 Core/Src/myspi.o
 *fill*         0x0000000020000212        0x2 
 .bss.renc_value
                0x0000000020000214        0x2 Core/Src/myspi.o
 *fill*         0x0000000020000216        0x2 
 .bss.lenc_address
                0x0000000020000218        0x2 Core/Src/myspi.o
 *fill*         0x000000002000021a        0x2 
 .bss.lenc_value
                0x000000002000021c        0x2 Core/Src/myspi.o
 *fill*         0x000000002000021e        0x2 
 .bss.end_search
                0x0000000020000220        0x4 Core/Src/search.o
                0x0000000020000220                end_search
 .bss.cnt.9870  0x0000000020000224        0x4 Core/Src/stm32f4xx_it.o
 .bss.heap_end.6424
                0x0000000020000228        0x4 Core/Src/sysmem.o
 .bss.__malloc_free_list
                0x000000002000022c        0x4 c:/st/stm32cubeide_1.3.0/stm32cubeide/plugins/com.st.stm32cube.ide.mcu.externaltools.gnu-tools-for-stm32.7-2018-q2-update.win32_1.0.0.201904181610/tools/bin/../lib/gcc/arm-none-eabi/7.3.1/../../../../arm-none-eabi/lib/thumb/v7e-m/fpv4-sp/hard\libc_nano.a(lib_a-nano-mallocr.o)
                0x000000002000022c                __malloc_free_list
 .bss.__malloc_sbrk_start