adjustment.c:30:6:adjustment_wall	8	static
adjustment.c:37:6:adjustment_PID_speed	8	static
adjustment.c:44:6:adjustment_PID_omega	8	static
adjustment.c:65:6:adjustment_slalom_R	8	static
adjustment.c:73:6:adjustment_slalom_L	8	static
adjustment.c:81:6:adjustment_slalom_R1	8	static
adjustment.c:89:6:adjustment_slalom_L1	8	static
adjustment.c:97:6:adjustment_slalom_R2	8	static
adjustment.c:105:6:adjustment_slalom_L2	8	static
adjustment.c:113:6:adjustment_slalom_R3	8	static
adjustment.c:121:6:adjustment_slalom_L3	8	static
adjustment.c:129:6:adjustment_slalom_R4	8	static
adjustment.c:138:6:adjustment_slalom_L4	8	static
adjustment.c:147:6:adjustment_slalom_R5	8	static
adjustment.c:156:6:adjustment_slalom_L5	8	static
