myspi.c:22:9:read_byte	32	static
myspi.c:37:6:write_byte	16	static
myspi.c:47:6:myspi_init	8	static
myspi.c:54:6:gyro_init	8	static
myspi.c:83:6:myspi_start	8	static
myspi.c:88:6:IMU_read_DMA	8	static
myspi.c:93:6:RENC_read_DMA	8	static
myspi.c:99:6:LENC_read_DMA	8	static
myspi.c:105:6:HAL_SPI_TxRxCpltCallback	16	static
myspi.c:124:10:read_enc_R_count	4	static
myspi.c:128:10:read_enc_L_count	4	static
myspi.c:132:7:read_gyro_yaw	16	static
myspi.c:136:7:read_gyro_x_axis	16	static
myspi.c:140:7:read_gyro_y_axis	16	static
myspi.c:144:7:read_gyro_z_axis	16	static
myspi.c:148:7:read_accel_x_axis	16	static
myspi.c:152:7:read_accel_y_axis	16	static
myspi.c:156:7:read_accel_z_axis	16	static
myspi.c:162:6:calc_eular_from_accel	32	static
myspi.c:168:6:calc_eular_from_gyro	40	static
myspi.c:183:6:calc_eular_from_accel_and_gyro	56	static
myspi.c:213:6:imu_ahrs_update	152	static
