run.c:16:6:extream_straight	4	static
run.c:21:6:straight	40	static
run.c:108:6:max_straight	40	static
run.c:162:6:STOP_WALL	16	static
run.c:201:6:STOP_WALL2	56	static
run.c:249:6:turn_R720	40	static
run.c:292:6:turn_R90	40	static
run.c:338:6:turn_L90	40	static
run.c:382:6:turn_L180	40	static
run.c:425:6:sla_L90	40	static
run.c:483:6:sla_R90	40	static
run.c:551:6:long_turn_R90	40	static
run.c:607:6:long_turn_L90	40	static
run.c:663:6:long_turn_R180	40	static
run.c:721:6:long_turn_L180	40	static
run.c:778:6:in_L45	40	static
run.c:833:6:out_L45	40	static
run.c:872:6:in_R45	40	static
run.c:927:6:out_R45	40	static
run.c:966:6:in_R135	40	static
run.c:1020:6:out_R135	40	static
run.c:1059:6:in_L135	40	static
run.c:1114:6:out_L135	40	static
run.c:1153:6:v_R90	48	static
run.c:1199:6:v_L90	48	static
run.c:1244:6:diagonal	48	static
run.c:1285:6:enkaigei	8	static
